Product: MDK-ARM Standard 5.10
Component: ARM Compiler 5.04 update 1 (build 49)
Tool: armlink [5040049]

==============================================================================

Section Cross References

    startup_stm32f103xb.o(RESET) refers to startup_stm32f103xb.o(STACK) for __initial_sp
    startup_stm32f103xb.o(RESET) refers to startup_stm32f103xb.o(.text) for Reset_Handler
    startup_stm32f103xb.o(RESET) refers to stm32f1xx_it.o(i.NMI_Handler) for NMI_Handler
    startup_stm32f103xb.o(RESET) refers to stm32f1xx_it.o(i.HardFault_Handler) for HardFault_Handler
    startup_stm32f103xb.o(RESET) refers to stm32f1xx_it.o(i.MemManage_Handler) for MemManage_Handler
    startup_stm32f103xb.o(RESET) refers to stm32f1xx_it.o(i.BusFault_Handler) for BusFault_Handler
    startup_stm32f103xb.o(RESET) refers to stm32f1xx_it.o(i.UsageFault_Handler) for UsageFault_Handler
    startup_stm32f103xb.o(RESET) refers to stm32f1xx_it.o(i.SVC_Handler) for SVC_Handler
    startup_stm32f103xb.o(RESET) refers to stm32f1xx_it.o(i.DebugMon_Handler) for DebugMon_Handler
    startup_stm32f103xb.o(RESET) refers to os_cpu_a.o(CODE) for OS_CPU_PendSVHandler
    startup_stm32f103xb.o(RESET) refers to os_cpu_c.o(i.OS_CPU_SysTickHandler) for OS_CPU_SysTickHandler
    startup_stm32f103xb.o(.text) refers to system_stm32f1xx.o(i.SystemInit) for SystemInit
    startup_stm32f103xb.o(.text) refers to entry.o(.ARM.Collect$$$$00000000) for __main
    main.o(i.SystemClock_Config) refers to memseta.o(.text) for __aeabi_memclr4
    main.o(i.SystemClock_Config) refers to stm32f1xx_hal_rcc.o(i.HAL_RCC_OscConfig) for HAL_RCC_OscConfig
    main.o(i.SystemClock_Config) refers to stm32f1xx_hal_rcc.o(i.HAL_RCC_ClockConfig) for HAL_RCC_ClockConfig
    main.o(i.led_pa3) refers to bsp.o(i.BSP_Init) for BSP_Init
    main.o(i.led_pa3) refers to cpu_core.o(i.CPU_Init) for CPU_Init
    main.o(i.led_pa3) refers to lib_mem.o(i.Mem_Init) for Mem_Init
    main.o(i.led_pa3) refers to os_stat.o(i.OSStatTaskCPUUsageInit) for OSStatTaskCPUUsageInit
    main.o(i.led_pa3) refers to cpu_core.o(i.CPU_IntDisMeasMaxCurReset) for CPU_IntDisMeasMaxCurReset
    main.o(i.led_pa3) refers to stm32f1xx_hal_gpio.o(i.HAL_GPIO_WritePin) for HAL_GPIO_WritePin
    main.o(i.led_pa3) refers to os_time.o(i.OSTimeDlyHMSM) for OSTimeDlyHMSM
    main.o(i.led_pc13) refers to bsp.o(i.BSP_Init) for BSP_Init
    main.o(i.led_pc13) refers to cpu_core.o(i.CPU_Init) for CPU_Init
    main.o(i.led_pc13) refers to lib_mem.o(i.Mem_Init) for Mem_Init
    main.o(i.led_pc13) refers to os_stat.o(i.OSStatTaskCPUUsageInit) for OSStatTaskCPUUsageInit
    main.o(i.led_pc13) refers to cpu_core.o(i.CPU_IntDisMeasMaxCurReset) for CPU_IntDisMeasMaxCurReset
    main.o(i.led_pc13) refers to stm32f1xx_hal_gpio.o(i.HAL_GPIO_WritePin) for HAL_GPIO_WritePin
    main.o(i.led_pc13) refers to os_time.o(i.OSTimeDlyHMSM) for OSTimeDlyHMSM
    main.o(i.main) refers to os_core.o(i.OSInit) for OSInit
    main.o(i.main) refers to stm32f1xx_hal.o(i.HAL_Init) for HAL_Init
    main.o(i.main) refers to main.o(i.SystemClock_Config) for SystemClock_Config
    main.o(i.main) refers to usart.o(i.MX_USART1_UART_Init) for MX_USART1_UART_Init
    main.o(i.main) refers to os_task.o(i.OSTaskCreate) for OSTaskCreate
    main.o(i.main) refers to os_core.o(i.OSStart) for OSStart
    main.o(i.main) refers to main.o(.bss) for .bss
    main.o(i.main) refers to main.o(i.start_task) for start_task
    main.o(i.send_msg) refers to bsp.o(i.BSP_Init) for BSP_Init
    main.o(i.send_msg) refers to cpu_core.o(i.CPU_Init) for CPU_Init
    main.o(i.send_msg) refers to lib_mem.o(i.Mem_Init) for Mem_Init
    main.o(i.send_msg) refers to os_stat.o(i.OSStatTaskCPUUsageInit) for OSStatTaskCPUUsageInit
    main.o(i.send_msg) refers to cpu_core.o(i.CPU_IntDisMeasMaxCurReset) for CPU_IntDisMeasMaxCurReset
    main.o(i.send_msg) refers to printfb.o(i.__0printf$bare) for __2printf
    main.o(i.send_msg) refers to os_time.o(i.OSTimeDlyHMSM) for OSTimeDlyHMSM
    main.o(i.start_task) refers to bsp.o(i.BSP_Init) for BSP_Init
    main.o(i.start_task) refers to os_stat.o(i.OSStatTaskCPUUsageInit) for OSStatTaskCPUUsageInit
    main.o(i.start_task) refers to cpu_core.o(i.CPU_IntDisMeasMaxCurReset) for CPU_IntDisMeasMaxCurReset
    main.o(i.start_task) refers to os_core.o(i.OSSchedRoundRobinCfg) for OSSchedRoundRobinCfg
    main.o(i.start_task) refers to cpu_a.o(.text) for CPU_SR_Save
    main.o(i.start_task) refers to cpu_core.o(i.CPU_IntDisMeasStart) for CPU_IntDisMeasStart
    main.o(i.start_task) refers to os_core.o(i.OS_SchedLockTimeMeasStart) for OS_SchedLockTimeMeasStart
    main.o(i.start_task) refers to cpu_core.o(i.CPU_IntDisMeasStop) for CPU_IntDisMeasStop
    main.o(i.start_task) refers to os_task.o(i.OSTaskCreate) for OSTaskCreate
    main.o(i.start_task) refers to os_task.o(i.OS_TaskSuspend) for OS_TaskSuspend
    main.o(i.start_task) refers to os_core.o(i.OS_SchedLockTimeMeasStop) for OS_SchedLockTimeMeasStop
[...]
    i.OSCfg_Init                             0x08000efe   Section        0  os_cfg_app.o(i.OSCfg_Init)
    i.OSIdleTaskHook                         0x08000f00   Section        0  os_cpu_c.o(i.OSIdleTaskHook)
    i.OSInit                                 0x08000f10   Section        0  os_core.o(i.OSInit)
    i.OSInitHook                             0x08001094   Section        0  os_cpu_c.o(i.OSInitHook)
    i.OSIntExit                              0x080010c8   Section        0  os_core.o(i.OSIntExit)
    i.OSSched                                0x08001158   Section        0  os_core.o(i.OSSched)
    i.OSSchedLock                            0x080011d4   Section        0  os_core.o(i.OSSchedLock)
    i.OSSchedRoundRobinCfg                   0x08001230   Section        0  os_core.o(i.OSSchedRoundRobinCfg)
    i.OSSchedUnlock                          0x08001288   Section        0  os_core.o(i.OSSchedUnlock)
    i.OSStart                                0x080012fc   Section        0  os_core.o(i.OSStart)
    i.OSStatReset                            0x08001354   Section        0  os_stat.o(i.OSStatReset)
    i.OSStatTaskCPUUsageInit                 0x0800144c   Section        0  os_stat.o(i.OSStatTaskCPUUsageInit)
    i.OSStatTaskHook                         0x08001500   Section        0  os_cpu_c.o(i.OSStatTaskHook)
    i.OSTaskCreate                           0x08001510   Section        0  os_task.o(i.OSTaskCreate)
    i.OSTaskCreateHook                       0x08001708   Section        0  os_cpu_c.o(i.OSTaskCreateHook)
    i.OSTaskDel                              0x08001718   Section        0  os_task.o(i.OSTaskDel)
    i.OSTaskDelHook                          0x08001884   Section        0  os_cpu_c.o(i.OSTaskDelHook)
    i.OSTaskResume                           0x08001894   Section        0  os_task.o(i.OSTaskResume)
    i.OSTaskReturnHook                       0x08001904   Section        0  os_cpu_c.o(i.OSTaskReturnHook)
    i.OSTaskSemPend                          0x08001914   Section        0  os_task.o(i.OSTaskSemPend)
    i.OSTaskStkChk                           0x08001a84   Section        0  os_task.o(i.OSTaskStkChk)
    i.OSTaskStkInit                          0x08001b30   Section        0  os_cpu_c.o(i.OSTaskStkInit)
    i.OSTaskSuspend                          0x08001ba0   Section        0  os_task.o(i.OSTaskSuspend)
    i.OSTaskSwHook                           0x08001bf4   Section        0  os_cpu_c.o(i.OSTaskSwHook)
    i.OSTimeDly                              0x08001c5c   Section        0  os_time.o(i.OSTimeDly)
    i.OSTimeDlyHMSM                          0x08001d48   Section        0  os_time.o(i.OSTimeDlyHMSM)
    i.OSTimeTick                             0x08001ed0   Section        0  os_time.o(i.OSTimeTick)
    i.OSTimeTickHook                         0x08001f10   Section        0  os_cpu_c.o(i.OSTimeTickHook)
    i.OS_CPU_SysTickHandler                  0x08001f20   Section        0  os_cpu_c.o(i.OS_CPU_SysTickHandler)
    i.OS_CPU_SysTickInit                     0x08001f50   Section        0  os_cpu_c.o(i.OS_CPU_SysTickInit)
    i.OS_Dbg_Init                            0x08001f78   Section        0  os_dbg.o(i.OS_Dbg_Init)
    i.OS_FlagInit                            0x08001f7c   Section        0  os_flag.o(i.OS_FlagInit)
    i.OS_FlagPost                            0x08001f94   Section        0  os_flag.o(i.OS_FlagPost)
    i.OS_FlagTaskRdy                         0x0800211c   Section        0  os_flag.o(i.OS_FlagTaskRdy)
    i.OS_IdleTask                            0x08002160   Section        0  os_core.o(i.OS_IdleTask)
    i.OS_IdleTaskInit                        0x08002194   Section        0  os_core.o(i.OS_IdleTaskInit)
    i.OS_IntQPost                            0x080021fc   Section        0  os_int.o(i.OS_IntQPost)
    i.OS_IntQRePost                          0x080022b4   Section        0  os_int.o(i.OS_IntQRePost)
    i.OS_IntQTask                            0x080023d0   Section        0  os_int.o(i.OS_IntQTask)
    i.OS_IntQTaskInit                        0x08002458   Section        0  os_int.o(i.OS_IntQTaskInit)
    i.OS_MemInit                             0x08002570   Section        0  os_mem.o(i.OS_MemInit)
    i.OS_MsgPoolInit                         0x08002588   Section        0  os_msg.o(i.OS_MsgPoolInit)
    i.OS_MsgQFreeAll                         0x080025f0   Section        0  os_msg.o(i.OS_MsgQFreeAll)
    i.OS_MsgQInit                            0x08002624   Section        0  os_msg.o(i.OS_MsgQInit)
    i.OS_MsgQPut                             0x08002634   Section        0  os_msg.o(i.OS_MsgQPut)
    i.OS_MutexInit                           0x080026bc   Section        0  os_mutex.o(i.OS_MutexInit)
    i.OS_Pend                                0x080026d4   Section        0  os_core.o(i.OS_Pend)
    i.OS_PendDataInit                        0x08002724   Section        0  os_core.o(i.OS_PendDataInit)
    i.OS_PendDbgNameAdd                      0x08002754   Section        0  os_core.o(i.OS_PendDbgNameAdd)
    i.OS_PendDbgNameRemove                   0x0800279c   Section        0  os_core.o(i.OS_PendDbgNameRemove)
    i.OS_PendListInsertPrio                  0x080027b8   Section        0  os_core.o(i.OS_PendListInsertPrio)
    i.OS_PendListRemove                      0x08002812   Section        0  os_core.o(i.OS_PendListRemove)
    i.OS_PendListRemove1                     0x08002838   Section        0  os_core.o(i.OS_PendListRemove1)
    i.OS_Post                                0x0800286e   Section        0  os_core.o(i.OS_Post)
    i.OS_Post1                               0x08002906   Section        0  os_core.o(i.OS_Post1)
    i.OS_PrioGetHighest                      0x0800292c   Section        0  os_prio.o(i.OS_PrioGetHighest)
    i.OS_PrioInit                            0x08002950   Section        0  os_prio.o(i.OS_PrioInit)
    i.OS_PrioInsert                          0x0800295c   Section        0  os_prio.o(i.OS_PrioInsert)
    i.OS_PrioRemove                          0x0800297c   Section        0  os_prio.o(i.OS_PrioRemove)
    i.OS_QInit                               0x0800299c   Section        0  os_q.o(i.OS_QInit)
    i.OS_QPost                               0x080029b4   Section        0  os_q.o(i.OS_QPost)
    i.OS_RdyListInit                         0x08002ab8   Section        0  os_core.o(i.OS_RdyListInit)
    i.OS_RdyListInsert                       0x08002adc   Section        0  os_core.o(i.OS_RdyListInsert)
    i.OS_RdyListInsertHead                   0x08002b0c   Section        0  os_core.o(i.OS_RdyListInsertHead)
    i.OS_RdyListInsertTail                   0x08002b44   Section        0  os_core.o(i.OS_RdyListInsertTail)
    i.OS_RdyListMoveHeadToTail               0x08002b78   Section        0  os_core.o(i.OS_RdyListMoveHeadToTail)
    i.OS_RdyListRemove                       0x08002bac   Section        0  os_core.o(i.OS_RdyListRemove)
    i.OS_Sched0                              0x08002c00   Section        0  os_core.o(i.OS_Sched0)
    i.OS_SchedLockTimeMeasStart              0x08002c48   Section        0  os_core.o(i.OS_SchedLockTimeMeasStart)
    i.OS_SchedLockTimeMeasStop               0x08002c64   Section        0  os_core.o(i.OS_SchedLockTimeMeasStop)
    i.OS_SchedRoundRobin                     0x08002ca0   Section        0  os_core.o(i.OS_SchedRoundRobin)
    i.OS_SemInit                             0x08002d08   Section        0  os_sem.o(i.OS_SemInit)
    i.OS_SemPost                             0x08002d20   Section        0  os_sem.o(i.OS_SemPost)
    i.OS_StatTask                            0x08002e04   Section        0  os_stat.o(i.OS_StatTask)
    i.OS_StatTaskInit                        0x080030a8   Section        0  os_stat.o(i.OS_StatTaskInit)
    i.OS_TaskBlock                           0x08003164   Section        0  os_core.o(i.OS_TaskBlock)
    i.OS_TaskDbgListAdd                      0x08003190   Section        0  os_task.o(i.OS_TaskDbgListAdd)
    i.OS_TaskDbgListRemove                   0x080031b4   Section        0  os_task.o(i.OS_TaskDbgListRemove)
    i.OS_TaskInit                            0x080031ec   Section        0  os_task.o(i.OS_TaskInit)
    i.OS_TaskInitTCB                         0x0800320c   Section        0  os_task.o(i.OS_TaskInitTCB)
    i.OS_TaskQPost                           0x080032d4   Section        0  os_task.o(i.OS_TaskQPost)
    i.OS_TaskRdy                             0x08003418   Section        0  os_core.o(i.OS_TaskRdy)
    i.OS_TaskResume                          0x08003434   Section        0  os_task.o(i.OS_TaskResume)
    i.OS_TaskReturn                          0x08003534   Section        0  os_task.o(i.OS_TaskReturn)
    i.OS_TaskSemPost                         0x0800354c   Section        0  os_task.o(i.OS_TaskSemPost)
    i.OS_TaskSuspend                         0x080036d4   Section        0  os_task.o(i.OS_TaskSuspend)
    i.OS_TickListInit                        0x080037bc   Section        0  os_tick.o(i.OS_TickListInit)
    i.OS_TickListInsert                      0x080037e8   Section        0  os_tick.o(i.OS_TickListInsert)
    i.OS_TickListRemove                      0x080038c0   Section        0  os_tick.o(i.OS_TickListRemove)
    i.OS_TickListResetPeak                   0x080038f8   Section        0  os_tick.o(i.OS_TickListResetPeak)
    i.OS_TickListUpdate                      0x08003920   Section        0  os_tick.o(i.OS_TickListUpdate)
    i.OS_TickTask                            0x08003a9c   Section        0  os_tick.o(i.OS_TickTask)
    i.OS_TickTaskInit                        0x08003ac4   Section        0  os_tick.o(i.OS_TickTaskInit)
    i.OS_TmrInit                             0x08003b6c   Section        0  os_tmr.o(i.OS_TmrInit)
    i.OS_TmrLink                             0x08003c70   Section        0  os_tmr.o(i.OS_TmrLink)
    i.OS_TmrResetPeak                        0x08003d08   Section        0  os_tmr.o(i.OS_TmrResetPeak)
    i.OS_TmrTask                             0x08003d30   Section        0  os_tmr.o(i.OS_TmrTask)
    i.OS_TmrUnlink                           0x08003dd4   Section        0  os_tmr.o(i.OS_TmrUnlink)
    i.SVC_Handler                            0x08003e20   Section        0  stm32f1xx_it.o(i.SVC_Handler)
    i.SystemClock_Config                     0x08003e22   Section        0  main.o(i.SystemClock_Config)
    i.SystemInit                             0x08003e70   Section        0  system_stm32f1xx.o(i.SystemInit)
    i.UART_SetConfig                         0x08003e74   Section        0  stm32f1xx_hal_uart.o(i.UART_SetConfig)
    UART_SetConfig                           0x08003e75   Thumb Code   136  stm32f1xx_hal_uart.o(i.UART_SetConfig)
    i.UART_WaitOnFlagUntilTimeout            0x08003f00   Section        0  stm32f1xx_hal_uart.o(i.UART_WaitOnFlagUntilTimeout)
    UART_WaitOnFlagUntilTimeout              0x08003f01   Thumb Code   100  stm32f1xx_hal_uart.o(i.UART_WaitOnFlagUntilTimeout)
    i.UsageFault_Handler                     0x08003f64   Section        0  stm32f1xx_it.o(i.UsageFault_Handler)
    i.__0printf$bare                         0x08003f68   Section        0  printfb.o(i.__0printf$bare)
    i.__NVIC_SetPriority                     0x08003f78   Section        0  stm32f1xx_hal_cortex.o(i.__NVIC_SetPriority)
    __NVIC_SetPriority                       0x08003f79   Thumb Code    32  stm32f1xx_hal_cortex.o(i.__NVIC_SetPriority)
    i.__scatterload_copy                     0x08003f98   Section       14  handlers.o(i.__scatterload_copy)
    i.__scatterload_null                     0x08003fa6   Section        2  handlers.o(i.__scatterload_null)
    i.__scatterload_zeroinit                 0x08003fa8   Section       14  handlers.o(i.__scatterload_zeroinit)
    i._printf_core                           0x08003fb6   Section        0  printfb.o(i._printf_core)
    _printf_core                             0x08003fb7   Thumb Code    34  printfb.o(i._printf_core)
    i.fputc                                  0x08003fd8   Section        0  usart.o(i.fputc)
    i.led_pa3                                0x08003ff0   Section        0  main.o(i.led_pa3)
    led_pa3                                  0x08003ff1   Thumb Code    84  main.o(i.led_pa3)
    i.led_pc13                               0x08004048   Section        0  main.o(i.led_pc13)
    led_pc13                                 0x08004049   Thumb Code    88  main.o(i.led_pc13)
    i.main                                   0x080040a4   Section        0  main.o(i.main)
    i.send_msg                               0x08004108   Section        0  main.o(i.send_msg)
    send_msg                                 0x08004109   Thumb Code    52  main.o(i.send_msg)
    i.start_task                             0x08004168   Section        0  main.o(i.start_task)
    .constdata                               0x080042b8   Section       16  system_stm32f1xx.o(.constdata)
    .constdata                               0x080042c8   Section        8  system_stm32f1xx.o(.constdata)
    .constdata                               0x080042d0   Section        4  os_cfg_app.o(.constdata)
    .constdata                               0x080042d4   Section        4  os_cfg_app.o(.constdata)
    .constdata                               0x080042d8   Section        4  os_cfg_app.o(.constdata)
    .constdata                               0x080042dc   Section        4  os_cfg_app.o(.constdata)
    .constdata                               0x080042e0   Section        2  os_cfg_app.o(.constdata)
    .constdata                               0x080042e4   Section        4  os_cfg_app.o(.constdata)
    .constdata                               0x080042e8   Section        4  os_cfg_app.o(.constdata)
    .constdata                               0x080042ec   Section        4  os_cfg_app.o(.constdata)
    .constdata                               0x080042f0   Section        4  os_cfg_app.o(.constdata)
    .constdata                               0x080042f4   Section        4  os_cfg_app.o(.constdata)
    .constdata                               0x080042f8   Section        2  os_cfg_app.o(.constdata)
    .constdata                               0x080042fc   Section        4  os_cfg_app.o(.constdata)
    .constdata                               0x08004300   Section        1  os_cfg_app.o(.constdata)
    .constdata                               0x08004304   Section        4  os_cfg_app.o(.constdata)
    .constdata                               0x08004308   Section        4  os_cfg_app.o(.constdata)
    .constdata                               0x0800430c   Section        4  os_cfg_app.o(.constdata)
    .constdata                               0x08004310   Section        4  os_cfg_app.o(.constdata)
    .constdata                               0x08004314   Section        4  os_cfg_app.o(.constdata)
    .constdata                               0x08004318   Section        4  os_cfg_app.o(.constdata)
    .constdata                               0x0800431c   Section        1  os_cfg_app.o(.constdata)
    .constdata                               0x08004320   Section        4  os_cfg_app.o(.constdata)
    .constdata                               0x08004324   Section        4  os_cfg_app.o(.constdata)
    .constdata                               0x08004328   Section        4  os_cfg_app.o(.constdata)
    .constdata                               0x0800432c   Section        2  os_cfg_app.o(.constdata)
    .constdata                               0x0800432e   Section        1  os_cfg_app.o(.constdata)
    .constdata                               0x08004330   Section        4  os_cfg_app.o(.constdata)
    .constdata                               0x08004334   Section        4  os_cfg_app.o(.constdata)
    .constdata                               0x08004338   Section        4  os_cfg_app.o(.constdata)
    .constdata                               0x0800433c   Section        4  os_cfg_app.o(.constdata)
    .constdata                               0x08004340   Section        2  os_cfg_app.o(.constdata)
    .data                                    0x20000000   Section       12  stm32f1xx_hal.o(.data)
    .data                                    0x2000000c   Section        4  system_stm32f1xx.o(.data)
    .data                                    0x20000010   Section       28  cpu_core.o(.data)
    .data                                    0x2000002c   Section        4  lib_mem.o(.data)
    .data                                    0x20000030   Section        4  os_cpu_c.o(.data)
    .data                                    0x20000034   Section        4  os_prio.o(.data)
    .data                                    0x20000038   Section        4  os_var.o(.data)
    .data                                    0x2000003c   Section        4  os_var.o(.data)
    .data                                    0x20000040   Section        4  os_var.o(.data)
    .data                                    0x20000044   Section        4  os_var.o(.data)
    .data                                    0x20000048   Section        4  os_var.o(.data)
    .data                                    0x2000004c   Section        4  os_var.o(.data)
    .data                                    0x20000050   Section        4  os_var.o(.data)
    .data                                    0x20000054   Section        4  os_var.o(.data)
    .data                                    0x20000058   Section        1  os_var.o(.data)
    .data                                    0x2000005c   Section        4  os_var.o(.data)
    .data                                    0x20000060   Section        1  os_var.o(.data)
    .data                                    0x20000064   Section        4  os_var.o(.data)
    .data                                    0x20000068   Section        4  os_var.o(.data)
    .data                                    0x2000006c   Section        2  os_var.o(.data)
    .data                                    0x2000006e   Section        2  os_var.o(.data)
    .data                                    0x20000070   Section        2  os_var.o(.data)
    .data                                    0x20000074   Section        4  os_var.o(.data)
    .data                                    0x20000078   Section        4  os_var.o(.data)
    .data                                    0x2000007c   Section        2  os_var.o(.data)
    .data                                    0x20000080   Section        4  os_var.o(.data)
    .data                                    0x20000084   Section        2  os_var.o(.data)
    .data                                    0x20000088   Section        4  os_var.o(.data)
    .data                                    0x2000008c   Section        2  os_var.o(.data)
    .data                                    0x2000008e   Section        1  os_var.o(.data)
    .data                                    0x2000008f   Section        1  os_var.o(.data)
    .data                                    0x20000090   Section        1  os_var.o(.data)
    .data                                    0x20000094   Section        4  os_var.o(.data)
    .data                                    0x20000098   Section        2  os_var.o(.data)
    .data                                    0x2000009c   Section        4  os_var.o(.data)
    .data                                    0x200000a0   Section        4  os_var.o(.data)
    .data                                    0x200000a4   Section        4  os_var.o(.data)
    .data                                    0x200000a8   Section        1  os_var.o(.data)
    .data                                    0x200000ac   Section        4  os_var.o(.data)
    .data                                    0x200000b0   Section        1  os_var.o(.data)
    .data                                    0x200000b4   Section        4  os_var.o(.data)
    .data                                    0x200000b8   Section        2  os_var.o(.data)
    .data                                    0x200000ba   Section        1  os_var.o(.data)
    .data                                    0x200000bc   Section        2  os_var.o(.data)
    .data                                    0x200000be   Section        2  os_var.o(.data)
    .data                                    0x200000c0   Section        4  os_var.o(.data)
    .data                                    0x200000c4   Section        4  os_var.o(.data)
    .data                                    0x200000c8   Section        4  os_var.o(.data)
    .data                                    0x200000cc   Section        1  os_var.o(.data)
    .data                                    0x200000d0   Section        4  os_var.o(.data)
    .data                                    0x200000d4   Section        4  os_var.o(.data)
    .data                                    0x200000d8   Section        4  os_var.o(.data)
    .data                                    0x200000dc   Section        2  os_var.o(.data)
    .data                                    0x200000de   Section        1  os_var.o(.data)
    .data                                    0x200000e0   Section        4  os_var.o(.data)
    .data                                    0x200000e4   Section        4  os_var.o(.data)
    .data                                    0x200000e8   Section        4  os_var.o(.data)
    .data                                    0x200000ec   Section        4  os_var.o(.data)
    .data                                    0x200000f0   Section        4  os_var.o(.data)
    .data                                    0x200000f4   Section        4  os_var.o(.data)
    .data                                    0x200000f8   Section        4  os_var.o(.data)
    .data                                    0x200000fc   Section        4  os_var.o(.data)
    .data                                    0x20000100   Section        4  os_var.o(.data)
    .data                                    0x20000104   Section        4  stdout.o(.data)
    .bss                                     0x20000108   Section     1952  main.o(.bss)
    .bss                                     0x200008a8   Section       68  usart.o(.bss)
    .bss                                     0x200008ec   Section       16  cpu_core.o(.bss)
    .bss                                     0x200008fc   Section     5192  lib_mem.o(.bss)
    .bss                                     0x20001d44   Section      512  os_cfg_app.o(.bss)
    .bss                                     0x20001f44   Section      320  os_cfg_app.o(.bss)
    .bss                                     0x20002084   Section      512  os_cfg_app.o(.bss)
    .bss                                     0x20002284   Section      512  os_cfg_app.o(.bss)
    .bss                                     0x20002484   Section     1600  os_cfg_app.o(.bss)
    .bss                                     0x20002ac4   Section      512  os_cfg_app.o(.bss)
    .bss                                     0x20002cc4   Section      512  os_cfg_app.o(.bss)
    .bss                                     0x20002ec4   Section      136  os_cfg_app.o(.bss)
    .bss                                     0x20002f4c   Section      512  os_cfg_app.o(.bss)
    .bss                                     0x2000314c   Section      136  os_cfg_app.o(.bss)
    .bss                                     0x200031d4   Section      200  os_var.o(.bss)
    .bss                                     0x2000329c   Section      200  os_var.o(.bss)
    .bss                                     0x20003364   Section       12  os_var.o(.bss)
    .bss                                     0x20003370   Section      384  os_var.o(.bss)
    .bss                                     0x200034f0   Section      200  os_var.o(.bss)
    .bss                                     0x200035b8   Section      200  os_var.o(.bss)
    .bss                                     0x20003680   Section      200  os_var.o(.bss)
    STACK                                    0x20003748   Section     1024  startup_stm32f103xb.o(STACK)

    Global Symbols

    Symbol Name                              Value     Ov Type        Size  Object(Section)

    BuildAttributes$$THM_ISAv4$P$D$K$B$S$PE$A:L22UL41UL21$X:L11$S22US41US21$IEEE1$IW$USESV6$~STKCKD$USESV7$~SHL$OSPACE$ROPI$EBA8$MICROLIB$REQ8$PRES8$EABIv2 0x00000000   Number         0  anon$$obj.o ABSOLUTE
    __ARM_use_no_argv                        0x00000000   Number         0  main.o ABSOLUTE
    __cpp_initialize__aeabi_                  - Undefined Weak Reference
    __cxa_finalize                            - Undefined Weak Reference
    __decompress                              - Undefined Weak Reference
    _clock_init                               - Undefined Weak Reference
    _microlib_exit                            - Undefined Weak Reference
    __Vectors_Size                           0x000000ec   Number         0  startup_stm32f103xb.o ABSOLUTE
    __Vectors                                0x08000000   Data           4  startup_stm32f103xb.o(RESET)
    __Vectors_End                            0x080000ec   Data           0  startup_stm32f103xb.o(RESET)
    __main                                   0x080000ed   Thumb Code     0  entry.o(.ARM.Collect$$$$00000000)
    _main_stk                                0x080000ed   Thumb Code     0  entry2.o(.ARM.Collect$$$$00000001)
    _main_scatterload                        0x080000f1   Thumb Code     0  entry5.o(.ARM.Collect$$$$00000004)
    __main_after_scatterload                 0x080000f5   Thumb Code     0  entry5.o(.ARM.Collect$$$$00000004)
    _main_clock                              0x080000f5   Thumb Code     0  entry7b.o(.ARM.Collect$$$$00000008)
    _main_cpp_init                           0x080000f5   Thumb Code     0  entry8b.o(.ARM.Collect$$$$0000000A)
    _main_init                               0x080000f5   Thumb Code     0  entry9a.o(.ARM.Collect$$$$0000000B)
    __rt_final_cpp                           0x080000fd   Thumb Code     0  entry10a.o(.ARM.Collect$$$$0000000D)
    __rt_final_exit                          0x080000fd   Thumb Code     0  entry11a.o(.ARM.Collect$$$$0000000F)
    Reset_Handler                            0x08000101   Thumb Code     8  startup_stm32f103xb.o(.text)
    ADC1_2_IRQHandler                        0x0800011b   Thumb Code     0  startup_stm32f103xb.o(.text)
    CAN1_RX1_IRQHandler                      0x0800011b   Thumb Code     0  startup_stm32f103xb.o(.text)
    CAN1_SCE_IRQHandler                      0x0800011b   Thumb Code     0  startup_stm32f103xb.o(.text)
    DMA1_Channel1_IRQHandler                 0x0800011b   Thumb Code     0  startup_stm32f103xb.o(.text)
    DMA1_Channel2_IRQHandler                 0x0800011b   Thumb Code     0  startup_stm32f103xb.o(.text)
    DMA1_Channel3_IRQHandler                 0x0800011b   Thumb Code     0  startup_stm32f103xb.o(.text)
    DMA1_Channel4_IRQHandler                 0x0800011b   Thumb Code     0  startup_stm32f103xb.o(.text)
    DMA1_Channel5_IRQHandler                 0x0800011b   Thumb Code     0  startup_stm32f103xb.o(.text)
    DMA1_Channel6_IRQHandler                 0x0800011b   Thumb Code     0  startup_stm32f103xb.o(.text)
    DMA1_Channel7_IRQHandler                 0x0800011b   Thumb Code     0  startup_stm32f103xb.o(.text)
    EXTI0_IRQHandler                         0x0800011b   Thumb Code     0  startup_stm32f103xb.o(.text)
    EXTI15_10_IRQHandler                     0x0800011b   Thumb Code     0  startup_stm32f103xb.o(.text)
    EXTI1_IRQHandler                         0x0800011b   Thumb Code     0  startup_stm32f103xb.o(.text)
    EXTI2_IRQHandler                         0x0800011b   Thumb Code     0  startup_stm32f103xb.o(.text)
    EXTI3_IRQHandler                         0x0800011b   Thumb Code     0  startup_stm32f103xb.o(.text)
    EXTI4_IRQHandler                         0x0800011b   Thumb Code     0  startup_stm32f103xb.o(.text)
    EXTI9_5_IRQHandler                       0x0800011b   Thumb Code     0  startup_stm32f103xb.o(.text)
    FLASH_IRQHandler                         0x0800011b   Thumb Code     0  startup_stm32f103xb.o(.text)
    I2C1_ER_IRQHandler                       0x0800011b   Thumb Code     0  startup_stm32f103xb.o(.text)
    I2C1_EV_IRQHandler                       0x0800011b   Thumb Code     0  startup_stm32f103xb.o(.text)
    I2C2_ER_IRQHandler                       0x0800011b   Thumb Code     0  startup_stm32f103xb.o(.text)
    I2C2_EV_IRQHandler                       0x0800011b   Thumb Code     0  startup_stm32f103xb.o(.text)
    PVD_IRQHandler                           0x0800011b   Thumb Code     0  startup_stm32f103xb.o(.text)
    RCC_IRQHandler                           0x0800011b   Thumb Code     0  startup_stm32f103xb.o(.text)
    RTC_Alarm_IRQHandler                     0x0800011b   Thumb Code     0  startup_stm32f103xb.o(.text)
    RTC_IRQHandler                           0x0800011b   Thumb Code     0  startup_stm32f103xb.o(.text)
    SPI1_IRQHandler                          0x0800011b   Thumb Code     0  startup_stm32f103xb.o(.text)
    SPI2_IRQHandler                          0x0800011b   Thumb Code     0  startup_stm32f103xb.o(.text)
    TAMPER_IRQHandler                        0x0800011b   Thumb Code     0  startup_stm32f103xb.o(.text)
    TIM1_BRK_IRQHandler                      0x0800011b   Thumb Code     0  startup_stm32f103xb.o(.text)
    TIM1_CC_IRQHandler                       0x0800011b   Thumb Code     0  startup_stm32f103xb.o(.text)
    TIM1_TRG_COM_IRQHandler                  0x0800011b   Thumb Code     0  startup_stm32f103xb.o(.text)
    TIM1_UP_IRQHandler                       0x0800011b   Thumb Code     0  startup_stm32f103xb.o(.text)
    TIM2_IRQHandler                          0x0800011b   Thumb Code     0  startup_stm32f103xb.o(.text)
    TIM3_IRQHandler                          0x0800011b   Thumb Code     0  startup_stm32f103xb.o(.text)
    TIM4_IRQHandler                          0x0800011b   Thumb Code     0  startup_stm32f103xb.o(.text)
    USART1_IRQHandler                        0x0800011b   Thumb Code     0  startup_stm32f103xb.o(.text)
    USART2_IRQHandler                        0x0800011b   Thumb Code     0  startup_stm32f103xb.o(.text)
    USART3_IRQHandler                        0x0800011b   Thumb Code     0  startup_stm32f103xb.o(.text)
    USBWakeUp_IRQHandler                     0x0800011b   Thumb Code     0  startup_stm32f103xb.o(.text)
    USB_HP_CAN1_TX_IRQHandler                0x0800011b   Thumb Code     0  startup_stm32f103xb.o(.text)
    USB_LP_CAN1_RX0_IRQHandler               0x0800011b   Thumb Code     0  startup_stm32f103xb.o(.text)
    WWDG_IRQHandler                          0x0800011b   Thumb Code     0  startup_stm32f103xb.o(.text)
    CPU_IntDis                               0x08000125   Thumb Code     0  cpu_a.o(.text)
    CPU_IntEn                                0x08000129   Thumb Code     0  cpu_a.o(.text)
    CPU_SR_Save                              0x0800012d   Thumb Code     0  cpu_a.o(.text)
    CPU_SR_Restore                           0x08000135   Thumb Code     0  cpu_a.o(.text)
    CPU_WaitForInt                           0x0800013b   Thumb Code     0  cpu_a.o(.text)
    CPU_WaitForExcept                        0x0800013f   Thumb Code     0  cpu_a.o(.text)
    CPU_CntLeadZeros                         0x08000143   Thumb Code     0  cpu_a.o(.text)
    CPU_CntTrailZeros                        0x08000149   Thumb Code     0  cpu_a.o(.text)
    CPU_RevBits                              0x08000153   Thumb Code     0  cpu_a.o(.text)
    __aeabi_memset                           0x08000159   Thumb Code    14  memseta.o(.text)
    __aeabi_memset4                          0x08000159   Thumb Code     0  memseta.o(.text)
    __aeabi_memset8                          0x08000159   Thumb Code     0  memseta.o(.text)
    __aeabi_memclr                           0x08000167   Thumb Code     4  memseta.o(.text)
    __aeabi_memclr4                          0x08000167   Thumb Code     0  memseta.o(.text)
    __aeabi_memclr8                          0x08000167   Thumb Code     0  memseta.o(.text)
    _memset$wrapper                          0x0800016b   Thumb Code    18  memseta.o(.text)
    __scatterload                            0x0800017d   Thumb Code    28  init.o(.text)
    __scatterload_rt2                        0x0800017d   Thumb Code     0  init.o(.text)
    OSStartHighRdy                           0x080001a1   Thumb Code     0  os_cpu_a.o(CODE)
    OS_CPU_PendSVHandler                     0x080001c3   Thumb Code     0  os_cpu_a.o(CODE)
    BSP_Init                                 0x08000225   Thumb Code    14  bsp.o(i.BSP_Init)
    BSP_Tick_Init                            0x08000235   Thumb Code    22  bsp.o(i.BSP_Tick_Init)
    BusFault_Handler                         0x08000251   Thumb Code     2  stm32f1xx_it.o(i.BusFault_Handler)
    CPU_Init                                 0x08000255   Thumb Code    24  cpu_core.o(i.CPU_Init)
    CPU_IntDisMeasMaxCurGet                  0x080002d1   Thumb Code    24  cpu_core.o(i.CPU_IntDisMeasMaxCurGet)
    CPU_IntDisMeasMaxCurReset                0x080002ed   Thumb Code    26  cpu_core.o(i.CPU_IntDisMeasMaxCurReset)
    CPU_IntDisMeasMaxGet                     0x0800030d   Thumb Code    24  cpu_core.o(i.CPU_IntDisMeasMaxGet)
    CPU_IntDisMeasStart                      0x08000329   Thumb Code    28  cpu_core.o(i.CPU_IntDisMeasStart)
    CPU_IntDisMeasStop                       0x08000349   Thumb Code    44  cpu_core.o(i.CPU_IntDisMeasStop)
    CPU_NameClr                              0x08000379   Thumb Code    34  cpu_core.o(i.CPU_NameClr)
    CPU_TS_TmrFreqSet                        0x080003a1   Thumb Code     6  cpu_core.o(i.CPU_TS_TmrFreqSet)
    CPU_TS_TmrInit                           0x080003ad   Thumb Code    38  bsp.o(i.CPU_TS_TmrInit)
    CPU_TS_TmrRd                             0x080003dd   Thumb Code     6  bsp.o(i.CPU_TS_TmrRd)
    DebugMon_Handler                         0x080003e9   Thumb Code     2  stm32f1xx_it.o(i.DebugMon_Handler)
    Error_Handler                            0x080003eb   Thumb Code     2  main.o(i.Error_Handler)
    HAL_GPIO_Init                            0x080003ed   Thumb Code   446  stm32f1xx_hal_gpio.o(i.HAL_GPIO_Init)
    HAL_GPIO_WritePin                        0x080005cd   Thumb Code    10  stm32f1xx_hal_gpio.o(i.HAL_GPIO_WritePin)
    HAL_GetTick                              0x080005d9   Thumb Code     6  stm32f1xx_hal.o(i.HAL_GetTick)
    HAL_Init                                 0x080005e5   Thumb Code    32  stm32f1xx_hal.o(i.HAL_Init)
    HAL_InitTick                             0x08000609   Thumb Code    54  stm32f1xx_hal.o(i.HAL_InitTick)
    HAL_MspInit                              0x08000649   Thumb Code    52  stm32f1xx_hal_msp.o(i.HAL_MspInit)
    HAL_NVIC_SetPriority                     0x08000685   Thumb Code    60  stm32f1xx_hal_cortex.o(i.HAL_NVIC_SetPriority)
    HAL_NVIC_SetPriorityGrouping             0x080006c5   Thumb Code    26  stm32f1xx_hal_cortex.o(i.HAL_NVIC_SetPriorityGrouping)
    HAL_RCC_ClockConfig                      0x080006e9   Thumb Code   280  stm32f1xx_hal_rcc.o(i.HAL_RCC_ClockConfig)
    HAL_RCC_GetHCLKFreq                      0x08000815   Thumb Code     6  stm32f1xx_hal_rcc.o(i.HAL_RCC_GetHCLKFreq)
    HAL_RCC_GetPCLK1Freq                     0x08000821   Thumb Code    20  stm32f1xx_hal_rcc.o(i.HAL_RCC_GetPCLK1Freq)
    HAL_RCC_GetPCLK2Freq                     0x08000841   Thumb Code    20  stm32f1xx_hal_rcc.o(i.HAL_RCC_GetPCLK2Freq)
    HAL_RCC_GetSysClockFreq                  0x08000861   Thumb Code    74  stm32f1xx_hal_rcc.o(i.HAL_RCC_GetSysClockFreq)
    HAL_RCC_OscConfig                        0x080008cd   Thumb Code   778  stm32f1xx_hal_rcc.o(i.HAL_RCC_OscConfig)
    HAL_SYSTICK_Config                       0x08000bed   Thumb Code    40  stm32f1xx_hal_cortex.o(i.HAL_SYSTICK_Config)
    HAL_UART_Init                            0x08000c15   Thumb Code    98  stm32f1xx_hal_uart.o(i.HAL_UART_Init)
    HAL_UART_MspInit                         0x08000c79   Thumb Code   100  usart.o(i.HAL_UART_MspInit)
    HAL_UART_Transmit                        0x08000ce9   Thumb Code   178  stm32f1xx_hal_uart.o(i.HAL_UART_Transmit)
    HardFault_Handler                        0x08000d9b   Thumb Code     2  stm32f1xx_it.o(i.HardFault_Handler)
    MX_GPIO_Init                             0x08000d9d   Thumb Code   126  gpio.o(i.MX_GPIO_Init)
    MX_USART1_UART_Init                      0x08000e29   Thumb Code    48  usart.o(i.MX_USART1_UART_Init)
    MemManage_Handler                        0x08000e61   Thumb Code     2  stm32f1xx_it.o(i.MemManage_Handler)
    Mem_Clr                                  0x08000e63   Thumb Code     8  lib_mem.o(i.Mem_Clr)
    Mem_Init                                 0x08000e6d   Thumb Code    54  lib_mem.o(i.Mem_Init)
    Mem_Set                                  0x08000eb1   Thumb Code    76  lib_mem.o(i.Mem_Set)
    NMI_Handler                              0x08000efd   Thumb Code     2  stm32f1xx_it.o(i.NMI_Handler)
    OSCfg_Init                               0x08000eff   Thumb Code     2  os_cfg_app.o(i.OSCfg_Init)
    OSIdleTaskHook                           0x08000f01   Thumb Code    12  os_cpu_c.o(i.OSIdleTaskHook)
    OSInit                                   0x08000f11   Thumb Code   290  os_core.o(i.OSInit)
    OSInitHook                               0x08001095   Thumb Code    38  os_cpu_c.o(i.OSInitHook)
    OSIntExit                                0x080010c9   Thumb Code   108  os_core.o(i.OSIntExit)
    OSSched                                  0x08001159   Thumb Code    90  os_core.o(i.OSSched)
    OSSchedLock                              0x080011d5   Thumb Code    80  os_core.o(i.OSSchedLock)
    OSSchedRoundRobinCfg                     0x08001231   Thumb Code    74  os_core.o(i.OSSchedRoundRobinCfg)
    OSSchedUnlock                            0x08001289   Thumb Code   104  os_core.o(i.OSSchedUnlock)
    OSStart                                  0x080012fd   Thumb Code    62  os_core.o(i.OSStart)
    OSStatReset                              0x08001355   Thumb Code   202  os_stat.o(i.OSStatReset)
    OSStatTaskCPUUsageInit                   0x0800144d   Thumb Code   150  os_stat.o(i.OSStatTaskCPUUsageInit)
    OSStatTaskHook                           0x08001501   Thumb Code    12  os_cpu_c.o(i.OSStatTaskHook)
    OSTaskCreate                             0x08001511   Thumb Code   466  os_task.o(i.OSTaskCreate)
    OSTaskCreateHook                         0x08001709   Thumb Code    12  os_cpu_c.o(i.OSTaskCreateHook)
    OSTaskDel                                0x08001719   Thumb Code   336  os_task.o(i.OSTaskDel)
    OSTaskDelHook                            0x08001885   Thumb Code    12  os_cpu_c.o(i.OSTaskDelHook)
    OSTaskResume                             0x08001895   Thumb Code    98  os_task.o(i.OSTaskResume)
    OSTaskReturnHook                         0x08001905   Thumb Code    12  os_cpu_c.o(i.OSTaskReturnHook)
    OSTaskSemPend                            0x08001915   Thumb Code   354  os_task.o(i.OSTaskSemPend)
    OSTaskStkChk                             0x08001a85   Thumb Code   162  os_task.o(i.OSTaskStkChk)
    OSTaskStkInit                            0x08001b31   Thumb Code   108  os_cpu_c.o(i.OSTaskStkInit)
    OSTaskSuspend                            0x08001ba1   Thumb Code    66  os_task.o(i.OSTaskSuspend)
    OSTaskSwHook                             0x08001bf5   Thumb Code    86  os_cpu_c.o(i.OSTaskSwHook)
    OSTimeDly                                0x08001c5d   Thumb Code   224  os_time.o(i.OSTimeDly)
    OSTimeDlyHMSM                            0x08001d49   Thumb Code   374  os_time.o(i.OSTimeDlyHMSM)
    OSTimeTick                               0x08001ed1   Thumb Code    52  os_time.o(i.OSTimeTick)
    OSTimeTickHook                           0x08001f11   Thumb Code    12  os_cpu_c.o(i.OSTimeTickHook)
    OS_CPU_SysTickHandler                    0x08001f21   Thumb Code    42  os_cpu_c.o(i.OS_CPU_SysTickHandler)
    OS_CPU_SysTickInit                       0x08001f51   Thumb Code    36  os_cpu_c.o(i.OS_CPU_SysTickInit)
    OS_Dbg_Init                              0x08001f79   Thumb Code     2  os_dbg.o(i.OS_Dbg_Init)
    OS_FlagInit                              0x08001f7d   Thumb Code    14  os_flag.o(i.OS_FlagInit)
    OS_FlagPost                              0x08001f95   Thumb Code   382  os_flag.o(i.OS_FlagPost)
    OS_FlagTaskRdy                           0x0800211d   Thumb Code    68  os_flag.o(i.OS_FlagTaskRdy)
    OS_IdleTask                              0x08002161   Thumb Code    42  os_core.o(i.OS_IdleTask)
    OS_IdleTaskInit                          0x08002195   Thumb Code    60  os_core.o(i.OS_IdleTaskInit)
    OS_IntQPost                              0x080021fd   Thumb Code   148  os_int.o(i.OS_IntQPost)
    OS_IntQRePost                            0x080022b5   Thumb Code   224  os_int.o(i.OS_IntQRePost)
    OS_IntQTask                              0x080023d1   Thumb Code   120  os_int.o(i.OS_IntQTask)
    OS_IntQTaskInit                          0x08002459   Thumb Code   192  os_int.o(i.OS_IntQTaskInit)
    OS_MemInit                               0x08002571   Thumb Code    14  os_mem.o(i.OS_MemInit)
    OS_MsgPoolInit                           0x08002589   Thumb Code    92  os_msg.o(i.OS_MsgPoolInit)
    OS_MsgQFreeAll                           0x080025f1   Thumb Code    48  os_msg.o(i.OS_MsgQFreeAll)
    OS_MsgQInit                              0x08002625   Thumb Code    14  os_msg.o(i.OS_MsgQInit)
    OS_MsgQPut                               0x08002635   Thumb Code   132  os_msg.o(i.OS_MsgQPut)
    OS_MutexInit                             0x080026bd   Thumb Code    14  os_mutex.o(i.OS_MutexInit)
    OS_Pend                                  0x080026d5   Thumb Code    74  os_core.o(i.OS_Pend)
    OS_PendDataInit                          0x08002725   Thumb Code    48  os_core.o(i.OS_PendDataInit)
    OS_PendDbgNameAdd                        0x08002755   Thumb Code    46  os_core.o(i.OS_PendDbgNameAdd)
    OS_PendDbgNameRemove                     0x0800279d   Thumb Code    22  os_core.o(i.OS_PendDbgNameRemove)
    OS_PendListInsertPrio                    0x080027b9   Thumb Code    90  os_core.o(i.OS_PendListInsertPrio)
    OS_PendListRemove                        0x08002813   Thumb Code    38  os_core.o(i.OS_PendListRemove)
    OS_PendListRemove1                       0x08002839   Thumb Code    54  os_core.o(i.OS_PendListRemove1)
    OS_Post                                  0x0800286f   Thumb Code   152  os_core.o(i.OS_Post)
    OS_Post1                                 0x08002907   Thumb Code    38  os_core.o(i.OS_Post1)
    OS_PrioGetHighest                        0x0800292d   Thumb Code    32  os_prio.o(i.OS_PrioGetHighest)
    OS_PrioInit                              0x08002951   Thumb Code     8  os_prio.o(i.OS_PrioInit)
    OS_PrioInsert                            0x0800295d   Thumb Code    28  os_prio.o(i.OS_PrioInsert)
    OS_PrioRemove                            0x0800297d   Thumb Code    28  os_prio.o(i.OS_PrioRemove)
    OS_QInit                                 0x0800299d   Thumb Code    14  os_q.o(i.OS_QInit)
    OS_QPost                                 0x080029b5   Thumb Code   252  os_q.o(i.OS_QPost)
    OS_RdyListInit                           0x08002ab9   Thumb Code    32  os_core.o(i.OS_RdyListInit)
    OS_RdyListInsert                         0x08002add   Thumb Code    42  os_core.o(i.OS_RdyListInsert)
    OS_RdyListInsertHead                     0x08002b0d   Thumb Code    52  os_core.o(i.OS_RdyListInsertHead)
    OS_RdyListInsertTail                     0x08002b45   Thumb Code    48  os_core.o(i.OS_RdyListInsertTail)
    OS_RdyListMoveHeadToTail                 0x08002b79   Thumb Code    52  os_core.o(i.OS_RdyListMoveHeadToTail)
    OS_RdyListRemove                         0x08002bad   Thumb Code    78  os_core.o(i.OS_RdyListRemove)
    OS_Sched0                                0x08002c01   Thumb Code    50  os_core.o(i.OS_Sched0)
    OS_SchedLockTimeMeasStart                0x08002c49   Thumb Code    20  os_core.o(i.OS_SchedLockTimeMeasStart)
    OS_SchedLockTimeMeasStop                 0x08002c65   Thumb Code    42  os_core.o(i.OS_SchedLockTimeMeasStop)
    OS_SchedRoundRobin                       0x08002ca1   Thumb Code    88  os_core.o(i.OS_SchedRoundRobin)
    OS_SemInit                               0x08002d09   Thumb Code    14  os_sem.o(i.OS_SemInit)
    OS_SemPost                               0x08002d21   Thumb Code   224  os_sem.o(i.OS_SemPost)
    OS_StatTask                              0x08002e05   Thumb Code   602  os_stat.o(i.OS_StatTask)
    OS_StatTaskInit                          0x080030a9   Thumb Code   118  os_stat.o(i.OS_StatTaskInit)
    OS_TaskBlock                             0x08003165   Thumb Code    42  os_core.o(i.OS_TaskBlock)
    OS_TaskDbgListAdd                        0x08003191   Thumb Code    30  os_task.o(i.OS_TaskDbgListAdd)
    OS_TaskDbgListRemove                     0x080031b5   Thumb Code    50  os_task.o(i.OS_TaskDbgListRemove)
    OS_TaskInit                              0x080031ed   Thumb Code    18  os_task.o(i.OS_TaskInit)
    OS_TaskInitTCB                           0x0800320d   Thumb Code   188  os_task.o(i.OS_TaskInitTCB)
    OS_TaskQPost                             0x080032d5   Thumb Code   310  os_task.o(i.OS_TaskQPost)
    OS_TaskRdy                               0x08003419   Thumb Code    28  os_core.o(i.OS_TaskRdy)
    OS_TaskResume                            0x08003435   Thumb Code   252  os_task.o(i.OS_TaskResume)
    OS_TaskReturn                            0x08003535   Thumb Code    20  os_task.o(i.OS_TaskReturn)
    OS_TaskSemPost                           0x0800354d   Thumb Code   380  os_task.o(i.OS_TaskSemPost)
    OS_TaskSuspend                           0x080036d5   Thumb Code   224  os_task.o(i.OS_TaskSuspend)
    OS_TickListInit                          0x080037bd   Thumb Code    34  os_tick.o(i.OS_TickListInit)
    OS_TickListInsert                        0x080037e9   Thumb Code   202  os_tick.o(i.OS_TickListInsert)
    OS_TickListRemove                        0x080038c1   Thumb Code    54  os_tick.o(i.OS_TickListRemove)
    OS_TickListResetPeak                     0x080038f9   Thumb Code    30  os_tick.o(i.OS_TickListResetPeak)
    OS_TickListUpdate                        0x08003921   Thumb Code   354  os_tick.o(i.OS_TickListUpdate)
    OS_TickTask                              0x08003a9d   Thumb Code    36  os_tick.o(i.OS_TickTask)
    OS_TickTaskInit                          0x08003ac5   Thumb Code   112  os_tick.o(i.OS_TickTaskInit)
    OS_TmrInit                               0x08003b6d   Thumb Code   172  os_tmr.o(i.OS_TmrInit)
    OS_TmrLink                               0x08003c71   Thumb Code   140  os_tmr.o(i.OS_TmrLink)
    OS_TmrResetPeak                          0x08003d09   Thumb Code    30  os_tmr.o(i.OS_TmrResetPeak)
    OS_TmrTask                               0x08003d31   Thumb Code   146  os_tmr.o(i.OS_TmrTask)
    OS_TmrUnlink                             0x08003dd5   Thumb Code    68  os_tmr.o(i.OS_TmrUnlink)
    SVC_Handler                              0x08003e21   Thumb Code     2  stm32f1xx_it.o(i.SVC_Handler)
    SystemClock_Config                       0x08003e23   Thumb Code    78  main.o(i.SystemClock_Config)
    SystemInit                               0x08003e71   Thumb Code     2  system_stm32f1xx.o(i.SystemInit)
    UsageFault_Handler                       0x08003f65   Thumb Code     2  stm32f1xx_it.o(i.UsageFault_Handler)
    __0printf$bare                           0x08003f69   Thumb Code     8  printfb.o(i.__0printf$bare)
    __1printf$bare                           0x08003f69   Thumb Code     0  printfb.o(i.__0printf$bare)
    __2printf                                0x08003f69   Thumb Code     0  printfb.o(i.__0printf$bare)
    __scatterload_copy                       0x08003f99   Thumb Code    14  handlers.o(i.__scatterload_copy)
    __scatterload_null                       0x08003fa7   Thumb Code     2  handlers.o(i.__scatterload_null)
    __scatterload_zeroinit                   0x08003fa9   Thumb Code    14  handlers.o(i.__scatterload_zeroinit)
    fputc                                    0x08003fd9   Thumb Code    20  usart.o(i.fputc)
    main                                     0x080040a5   Thumb Code    78  main.o(i.main)
    start_task                               0x08004169   Thumb Code   268  main.o(i.start_task)
    AHBPrescTable                            0x080042b8   Data          16  system_stm32f1xx.o(.constdata)
    APBPrescTable                            0x080042c8   Data           8  system_stm32f1xx.o(.constdata)
    OSCfg_IdleTaskStkBasePtr                 0x080042d0   Data           4  os_cfg_app.o(.constdata)
    OSCfg_IdleTaskStkLimit                   0x080042d4   Data           4  os_cfg_app.o(.constdata)
    OSCfg_IdleTaskStkSize                    0x080042d8   Data           4  os_cfg_app.o(.constdata)
    OSCfg_IntQBasePtr                        0x080042dc   Data           4  os_cfg_app.o(.constdata)
    OSCfg_IntQSize                           0x080042e0   Data           2  os_cfg_app.o(.constdata)
    OSCfg_IntQTaskStkBasePtr                 0x080042e4   Data           4  os_cfg_app.o(.constdata)
    OSCfg_IntQTaskStkLimit                   0x080042e8   Data           4  os_cfg_app.o(.constdata)
    OSCfg_IntQTaskStkSize                    0x080042ec   Data           4  os_cfg_app.o(.constdata)
    OSCfg_ISRStkBasePtr                      0x080042f0   Data           4  os_cfg_app.o(.constdata)
    OSCfg_ISRStkSize                         0x080042f4   Data           4  os_cfg_app.o(.constdata)
    OSCfg_MsgPoolSize                        0x080042f8   Data           2  os_cfg_app.o(.constdata)
    OSCfg_MsgPoolBasePtr                     0x080042fc   Data           4  os_cfg_app.o(.constdata)
    OSCfg_StatTaskPrio                       0x08004300   Data           1  os_cfg_app.o(.constdata)
    OSCfg_StatTaskRate_Hz                    0x08004304   Data           4  os_cfg_app.o(.constdata)
    OSCfg_StatTaskStkBasePtr                 0x08004308   Data           4  os_cfg_app.o(.constdata)
    OSCfg_StatTaskStkLimit                   0x0800430c   Data           4  os_cfg_app.o(.constdata)
    OSCfg_StatTaskStkSize                    0x08004310   Data           4  os_cfg_app.o(.constdata)
    OSCfg_StkSizeMin                         0x08004314   Data           4  os_cfg_app.o(.constdata)
    OSCfg_TickRate_Hz                        0x08004318   Data           4  os_cfg_app.o(.constdata)
    OSCfg_TickTaskPrio                       0x0800431c   Data           1  os_cfg_app.o(.constdata)
    OSCfg_TickTaskStkBasePtr                 0x08004320   Data           4  os_cfg_app.o(.constdata)
    OSCfg_TickTaskStkLimit                   0x08004324   Data           4  os_cfg_app.o(.constdata)
    OSCfg_TickTaskStkSize                    0x08004328   Data           4  os_cfg_app.o(.constdata)
    OSCfg_TickWheelSize                      0x0800432c   Data           2  os_cfg_app.o(.constdata)
    OSCfg_TmrTaskPrio                        0x0800432e   Data           1  os_cfg_app.o(.constdata)
    OSCfg_TmrTaskRate_Hz                     0x08004330   Data           4  os_cfg_app.o(.constdata)
    OSCfg_TmrTaskStkBasePtr                  0x08004334   Data           4  os_cfg_app.o(.constdata)
    OSCfg_TmrTaskStkLimit                    0x08004338   Data           4  os_cfg_app.o(.constdata)
    OSCfg_TmrTaskStkSize                     0x0800433c   Data           4  os_cfg_app.o(.constdata)
    OSCfg_TmrWheelSize                       0x08004340   Data           2  os_cfg_app.o(.constdata)
    Region$$Table$$Base                      0x08004344   Number         0  anon$$obj.o(Region$$Table)
    Region$$Table$$Limit                     0x08004364   Number         0  anon$$obj.o(Region$$Table)
    uwTickFreq                               0x20000000   Data           1  stm32f1xx_hal.o(.data)
    uwTickPrio                               0x20000004   Data           4  stm32f1xx_hal.o(.data)
    uwTick                                   0x20000008   Data           4  stm32f1xx_hal.o(.data)
    SystemCoreClock                          0x2000000c   Data           4  system_stm32f1xx.o(.data)
    CPU_IntDisMeasCtr                        0x20000010   Data           2  cpu_core.o(.data)
    CPU_IntDisNestCtr                        0x20000012   Data           2  cpu_core.o(.data)
    CPU_TS_TmrFreq_Hz                        0x20000014   Data           4  cpu_core.o(.data)
    CPU_IntDisMeasStart_cnts                 0x20000018   Data           4  cpu_core.o(.data)
    CPU_IntDisMeasStop_cnts                  0x2000001c   Data           4  cpu_core.o(.data)
    CPU_IntDisMeasOvrhd_cnts                 0x20000020   Data           4  cpu_core.o(.data)
    CPU_IntDisMeasMaxCur_cnts                0x20000024   Data           4  cpu_core.o(.data)
    CPU_IntDisMeasMax_cnts                   0x20000028   Data           4  cpu_core.o(.data)
    Mem_PoolTbl                              0x2000002c   Data           4  lib_mem.o(.data)
    OS_CPU_ExceptStkBase                     0x20000030   Data           4  os_cpu_c.o(.data)
    OSPrioTbl                                0x20000034   Data           4  os_prio.o(.data)
    OS_AppTaskCreateHookPtr                  0x20000038   Data           4  os_var.o(.data)
    OS_AppTaskDelHookPtr                     0x2000003c   Data           4  os_var.o(.data)
    OS_AppTaskReturnHookPtr                  0x20000040   Data           4  os_var.o(.data)
    OS_AppIdleTaskHookPtr                    0x20000044   Data           4  os_var.o(.data)
    OS_AppStatTaskHookPtr                    0x20000048   Data           4  os_var.o(.data)
    OS_AppTaskSwHookPtr                      0x2000004c   Data           4  os_var.o(.data)
    OS_AppTimeTickHookPtr                    0x20000050   Data           4  os_var.o(.data)
    OSIdleTaskCtr                            0x20000054   Data           4  os_var.o(.data)
    OSIntNestingCtr                          0x20000058   Data           1  os_var.o(.data)
    OSIntDisTimeMax                          0x2000005c   Data           4  os_var.o(.data)
    OSRunning                                0x20000060   Data           1  os_var.o(.data)
    OSIntQInPtr                              0x20000064   Data           4  os_var.o(.data)
    OSIntQOutPtr                             0x20000068   Data           4  os_var.o(.data)
    OSIntQNbrEntries                         0x2000006c   Data           2  os_var.o(.data)
    OSIntQNbrEntriesMax                      0x2000006e   Data           2  os_var.o(.data)
    OSIntQOvfCtr                             0x20000070   Data           2  os_var.o(.data)
    OSIntQTaskTimeMax                        0x20000074   Data           4  os_var.o(.data)
    OSFlagDbgListPtr                         0x20000078   Data           4  os_var.o(.data)
    OSFlagQty                                0x2000007c   Data           2  os_var.o(.data)
    OSMemDbgListPtr                          0x20000080   Data           4  os_var.o(.data)
    OSMemQty                                 0x20000084   Data           2  os_var.o(.data)
    OSMutexDbgListPtr                        0x20000088   Data           4  os_var.o(.data)
    OSMutexQty                               0x2000008c   Data           2  os_var.o(.data)
    OSPrioCur                                0x2000008e   Data           1  os_var.o(.data)
    OSPrioHighRdy                            0x2000008f   Data           1  os_var.o(.data)
    OSPrioSaved                              0x20000090   Data           1  os_var.o(.data)
    OSQDbgListPtr                            0x20000094   Data           4  os_var.o(.data)
    OSQQty                                   0x20000098   Data           2  os_var.o(.data)
    OSSchedLockTimeBegin                     0x2000009c   Data           4  os_var.o(.data)
    OSSchedLockTimeMax                       0x200000a0   Data           4  os_var.o(.data)
    OSSchedLockTimeMaxCur                    0x200000a4   Data           4  os_var.o(.data)
    OSSchedLockNestingCtr                    0x200000a8   Data           1  os_var.o(.data)
    OSSchedRoundRobinDfltTimeQuanta          0x200000ac   Data           4  os_var.o(.data)
    OSSchedRoundRobinEn                      0x200000b0   Data           1  os_var.o(.data)
    OSSemDbgListPtr                          0x200000b4   Data           4  os_var.o(.data)
    OSSemQty                                 0x200000b8   Data           2  os_var.o(.data)
    OSStatResetFlag                          0x200000ba   Data           1  os_var.o(.data)
    OSStatTaskCPUUsage                       0x200000bc   Data           2  os_var.o(.data)
    OSStatTaskCPUUsageMax                    0x200000be   Data           2  os_var.o(.data)
    OSStatTaskCtr                            0x200000c0   Data           4  os_var.o(.data)
    OSStatTaskCtrMax                         0x200000c4   Data           4  os_var.o(.data)
    OSStatTaskCtrRun                         0x200000c8   Data           4  os_var.o(.data)
    OSStatTaskRdy                            0x200000cc   Data           1  os_var.o(.data)
    OSStatTaskTimeMax                        0x200000d0   Data           4  os_var.o(.data)
    OSTaskCtxSwCtr                           0x200000d4   Data           4  os_var.o(.data)
    OSTaskDbgListPtr                         0x200000d8   Data           4  os_var.o(.data)
    OSTaskQty                                0x200000dc   Data           2  os_var.o(.data)
    OSTaskRegNextAvailID                     0x200000de   Data           1  os_var.o(.data)
    OSTickCtr                                0x200000e0   Data           4  os_var.o(.data)
    OSTickTaskTimeMax                        0x200000e4   Data           4  os_var.o(.data)
    OSTmrDbgListPtr                          0x200000e8   Data           4  os_var.o(.data)
    OSTmrTaskTimeMax                         0x200000ec   Data           4  os_var.o(.data)
    OSTmrTickCtr                             0x200000f0   Data           4  os_var.o(.data)
    OSTmrUpdateCnt                           0x200000f4   Data           4  os_var.o(.data)
    OSTmrUpdateCtr                           0x200000f8   Data           4  os_var.o(.data)
    OSTCBCurPtr                              0x200000fc   Data           4  os_var.o(.data)
    OSTCBHighRdyPtr                          0x20000100   Data           4  os_var.o(.data)
    __stdout                                 0x20000104   Data           4  stdout.o(.data)
    START_TASK_STK                           0x20000108   Data         384  main.o(.bss)
    LED0_TASK_STK                            0x20000288   Data         256  main.o(.bss)
    MSG_TASK_STK                             0x20000388   Data         256  main.o(.bss)
    LED1_TASK_STK                            0x20000488   Data         256  main.o(.bss)
    StartTaskTCB                             0x20000588   Data         200  main.o(.bss)
    Led0TaskTCB                              0x20000650   Data         200  main.o(.bss)
    MsgTaskTCB                               0x20000718   Data         200  main.o(.bss)
    Led1TaskTCB                              0x200007e0   Data         200  main.o(.bss)
    huart1                                   0x200008a8   Data          68  usart.o(.bss)
    CPU_Name                                 0x200008ec   Data          16  cpu_core.o(.bss)
    Mem_PoolHeap                             0x200008fc   Data          72  lib_mem.o(.bss)
    Mem_Heap                                 0x20000944   Data        5120  lib_mem.o(.bss)
    OSCfg_IdleTaskStk                        0x20001d44   Data         512  os_cfg_app.o(.bss)
    OSCfg_IntQ                               0x20001f44   Data         320  os_cfg_app.o(.bss)
    OSCfg_IntQTaskStk                        0x20002084   Data         512  os_cfg_app.o(.bss)
    OSCfg_ISRStk                             0x20002284   Data         512  os_cfg_app.o(.bss)
    OSCfg_MsgPool                            0x20002484   Data        1600  os_cfg_app.o(.bss)
    OSCfg_StatTaskStk                        0x20002ac4   Data         512  os_cfg_app.o(.bss)
    OSCfg_TickTaskStk                        0x20002cc4   Data         512  os_cfg_app.o(.bss)
    OSCfg_TickWheel                          0x20002ec4   Data         136  os_cfg_app.o(.bss)
    OSCfg_TmrTaskStk                         0x20002f4c   Data         512  os_cfg_app.o(.bss)
    OSCfg_TmrWheel                           0x2000314c   Data         136  os_cfg_app.o(.bss)
    OSIdleTaskTCB                            0x200031d4   Data         200  os_var.o(.bss)
    OSIntQTaskTCB                            0x2000329c   Data         200  os_var.o(.bss)
    OSMsgPool                                0x20003364   Data          12  os_var.o(.bss)
    OSRdyList                                0x20003370   Data         384  os_var.o(.bss)
    OSStatTaskTCB                            0x200034f0   Data         200  os_var.o(.bss)
    OSTickTaskTCB                            0x200035b8   Data         200  os_var.o(.bss)
    OSTmrTaskTCB                             0x20003680   Data         200  os_var.o(.bss)
    __initial_sp                             0x20003b48   Data           0  startup_stm32f103xb.o(STACK)



==============================================================================

Memory Map of the image

  Image Entry point : 0x080000ed

  Load Region LR_IROM1 (Base: 0x08000000, Size: 0x0000446c, Max: 0x00010000, ABSOLUTE)

    Execution Region ER_IROM1 (Base: 0x08000000, Size: 0x00004364, Max: 0x00010000, ABSOLUTE)

    Base Addr    Size         Type   Attr      Idx    E Section Name        Object

    0x08000000   0x000000ec   Data   RO            3    RESET               startup_stm32f103xb.o
    0x080000ec   0x00000000   Code   RO         3915  * .ARM.Collect$$$$00000000  mc_w.l(entry.o)
    0x080000ec   0x00000004   Code   RO         4184    .ARM.Collect$$$$00000001  mc_w.l(entry2.o)
    0x080000f0   0x00000004   Code   RO         4187    .ARM.Collect$$$$00000004  mc_w.l(entry5.o)
    0x080000f4   0x00000000   Code   RO         4189    .ARM.Collect$$$$00000008  mc_w.l(entry7b.o)
    0x080000f4   0x00000000   Code   RO         4191    .ARM.Collect$$$$0000000A  mc_w.l(entry8b.o)
    0x080000f4   0x00000008   Code   RO         4192    .ARM.Collect$$$$0000000B  mc_w.l(entry9a.o)
    0x080000fc   0x00000000   Code   RO         4194    .ARM.Collect$$$$0000000D  mc_w.l(entry10a.o)
    0x080000fc   0x00000000   Code   RO         4196    .ARM.Collect$$$$0000000F  mc_w.l(entry11a.o)
    0x080000fc   0x00000004   Code   RO         4185    .ARM.Collect$$$$00002712  mc_w.l(entry2.o)
    0x08000100   0x00000024   Code   RO            4    .text               startup_stm32f103xb.o
    0x08000124   0x00000034   Code   RO         2000    .text               cpu_a.o
    0x08000158   0x00000024   Code   RO         3922    .text               mc_w.l(memseta.o)
    0x0800017c   0x00000024   Code   RO         4214    .text               mc_w.l(init.o)
    0x080001a0   0x00000084   Code   RO         2465    CODE                os_cpu_a.o
    0x08000224   0x0000000e   Code   RO         3856    i.BSP_Init          bsp.o
    0x08000232   0x00000002   PAD
    0x08000234   0x0000001c   Code   RO         3857    i.BSP_Tick_Init     bsp.o
    0x08000250   0x00000002   Code   RO          302    i.BusFault_Handler  stm32f1xx_it.o
    0x08000252   0x00000002   PAD
    0x08000254   0x0000001c   Code   RO         1848    i.CPU_Init          cpu_core.o
    0x08000270   0x0000004c   Code   RO         1849    i.CPU_IntDisMeasInit  cpu_core.o
    0x080002bc   0x00000014   Code   RO         1850    i.CPU_IntDisMeasMaxCalc  cpu_core.o
    0x080002d0   0x0000001c   Code   RO         1851    i.CPU_IntDisMeasMaxCurGet  cpu_core.o
    0x080002ec   0x00000020   Code   RO         1852    i.CPU_IntDisMeasMaxCurReset  cpu_core.o
    0x0800030c   0x0000001c   Code   RO         1853    i.CPU_IntDisMeasMaxGet  cpu_core.o
    0x08000328   0x00000020   Code   RO         1854    i.CPU_IntDisMeasStart  cpu_core.o
    0x08000348   0x00000030   Code   RO         1855    i.CPU_IntDisMeasStop  cpu_core.o
    0x08000378   0x00000028   Code   RO         1856    i.CPU_NameClr       cpu_core.o
    0x080003a0   0x0000000c   Code   RO         1862    i.CPU_TS_TmrFreqSet  cpu_core.o
    0x080003ac   0x00000030   Code   RO         3859    i.CPU_TS_TmrInit    bsp.o
    0x080003dc   0x0000000c   Code   RO         3860    i.CPU_TS_TmrRd      bsp.o
    0x080003e8   0x00000002   Code   RO          303    i.DebugMon_Handler  stm32f1xx_it.o
    0x080003ea   0x00000002   Code   RO           13    i.Error_Handler     main.o
    0x080003ec   0x000001e0   Code   RO         1145    i.HAL_GPIO_Init     stm32f1xx_hal_gpio.o
    0x080005cc   0x0000000a   Code   RO         1149    i.HAL_GPIO_WritePin  stm32f1xx_hal_gpio.o
    0x080005d6   0x00000002   PAD
    0x080005d8   0x0000000c   Code   RO          841    i.HAL_GetTick       stm32f1xx_hal.o
    0x080005e4   0x00000024   Code   RO          848    i.HAL_Init          stm32f1xx_hal.o
    0x08000608   0x00000040   Code   RO          849    i.HAL_InitTick      stm32f1xx_hal.o
    0x08000648   0x0000003c   Code   RO          377    i.HAL_MspInit       stm32f1xx_hal_msp.o
    0x08000684   0x00000040   Code   RO         1311    i.HAL_NVIC_SetPriority  stm32f1xx_hal_cortex.o
    0x080006c4   0x00000024   Code   RO         1312    i.HAL_NVIC_SetPriorityGrouping  stm32f1xx_hal_cortex.o
    0x080006e8   0x0000012c   Code   RO         1005    i.HAL_RCC_ClockConfig  stm32f1xx_hal_rcc.o
    0x08000814   0x0000000c   Code   RO         1010    i.HAL_RCC_GetHCLKFreq  stm32f1xx_hal_rcc.o
    0x08000820   0x00000020   Code   RO         1012    i.HAL_RCC_GetPCLK1Freq  stm32f1xx_hal_rcc.o
    0x08000840   0x00000020   Code   RO         1013    i.HAL_RCC_GetPCLK2Freq  stm32f1xx_hal_rcc.o
    0x08000860   0x0000006c   Code   RO         1014    i.HAL_RCC_GetSysClockFreq  stm32f1xx_hal_rcc.o
    0x080008cc   0x00000320   Code   RO         1017    i.HAL_RCC_OscConfig  stm32f1xx_hal_rcc.o
    0x08000bec   0x00000028   Code   RO         1316    i.HAL_SYSTICK_Config  stm32f1xx_hal_cortex.o
    0x08000c14   0x00000062   Code   RO          502    i.HAL_UART_Init     stm32f1xx_hal_uart.o
    0x08000c76   0x00000002   PAD
    0x08000c78   0x00000070   Code   RO          255    i.HAL_UART_MspInit  usart.o
    0x08000ce8   0x000000b2   Code   RO          510    i.HAL_UART_Transmit  stm32f1xx_hal_uart.o
    0x08000d9a   0x00000002   Code   RO          304    i.HardFault_Handler  stm32f1xx_it.o
    0x08000d9c   0x0000008c   Code   RO          230    i.MX_GPIO_Init      gpio.o
    0x08000e28   0x00000038   Code   RO          256    i.MX_USART1_UART_Init  usart.o
    0x08000e60   0x00000002   Code   RO          305    i.MemManage_Handler  stm32f1xx_it.o
    0x08000e62   0x00000008   Code   RO         2191    i.Mem_Clr           lib_mem.o
    0x08000e6a   0x00000002   PAD
    0x08000e6c   0x00000044   Code   RO         2195    i.Mem_Init          lib_mem.o
    0x08000eb0   0x0000004c   Code   RO         2208    i.Mem_Set           lib_mem.o
    0x08000efc   0x00000002   Code   RO          306    i.NMI_Handler       stm32f1xx_it.o
    0x08000efe   0x00000002   Code   RO         2546    i.OSCfg_Init        os_cfg_app.o
    0x08000f00   0x00000010   Code   RO         2468    i.OSIdleTaskHook    os_cpu_c.o
    0x08000f10   0x00000184   Code   RO         2618    i.OSInit            os_core.o
    0x08001094   0x00000034   Code   RO         2469    i.OSInitHook        os_cpu_c.o
    0x080010c8   0x00000090   Code   RO         2620    i.OSIntExit         os_core.o
    0x08001158   0x0000007c   Code   RO         2621    i.OSSched           os_core.o
    0x080011d4   0x0000005c   Code   RO         2622    i.OSSchedLock       os_core.o
    0x08001230   0x00000058   Code   RO         2623    i.OSSchedRoundRobinCfg  os_core.o
    0x08001288   0x00000074   Code   RO         2625    i.OSSchedUnlock     os_core.o
    0x080012fc   0x00000058   Code   RO         2626    i.OSStart           os_core.o
    0x08001354   0x000000f8   Code   RO         3328    i.OSStatReset       os_stat.o
    0x0800144c   0x000000b4   Code   RO         3329    i.OSStatTaskCPUUsageInit  os_stat.o
    0x08001500   0x00000010   Code   RO         2470    i.OSStatTaskHook    os_cpu_c.o
    0x08001510   0x000001f8   Code   RO         3359    i.OSTaskCreate      os_task.o
    0x08001708   0x00000010   Code   RO         2471    i.OSTaskCreateHook  os_cpu_c.o
    0x08001718   0x0000016c   Code   RO         3360    i.OSTaskDel         os_task.o
    0x08001884   0x00000010   Code   RO         2472    i.OSTaskDelHook     os_cpu_c.o
    0x08001894   0x00000070   Code   RO         3368    i.OSTaskResume      os_task.o
    0x08001904   0x00000010   Code   RO         2473    i.OSTaskReturnHook  os_cpu_c.o
    0x08001914   0x00000170   Code   RO         3369    i.OSTaskSemPend     os_task.o
    0x08001a84   0x000000ac   Code   RO         3373    i.OSTaskStkChk      os_task.o
    0x08001b30   0x00000070   Code   RO         2474    i.OSTaskStkInit     os_cpu_c.o
    0x08001ba0   0x00000054   Code   RO         3374    i.OSTaskSuspend     os_task.o
    0x08001bf4   0x00000068   Code   RO         2475    i.OSTaskSwHook      os_cpu_c.o
    0x08001c5c   0x000000ec   Code   RO         3574    i.OSTimeDly         os_time.o
    0x08001d48   0x00000188   Code   RO         3575    i.OSTimeDlyHMSM     os_time.o
    0x08001ed0   0x00000040   Code   RO         3579    i.OSTimeTick        os_time.o
    0x08001f10   0x00000010   Code   RO         2476    i.OSTimeTickHook    os_cpu_c.o
    0x08001f20   0x00000030   Code   RO         2477    i.OS_CPU_SysTickHandler  os_cpu_c.o
    0x08001f50   0x00000028   Code   RO         2478    i.OS_CPU_SysTickInit  os_cpu_c.o
    0x08001f78   0x00000002   Code   RO         2856    i.OS_Dbg_Init       os_dbg.o
    0x08001f7a   0x00000002   PAD
    0x08001f7c   0x00000018   Code   RO         2882    i.OS_FlagInit       os_flag.o
    0x08001f94   0x00000188   Code   RO         2883    i.OS_FlagPost       os_flag.o
    0x0800211c   0x00000044   Code   RO         2884    i.OS_FlagTaskRdy    os_flag.o
    0x08002160   0x00000034   Code   RO         2628    i.OS_IdleTask       os_core.o
    0x08002194   0x00000068   Code   RO         2629    i.OS_IdleTaskInit   os_core.o
    0x080021fc   0x000000b8   Code   RO         2955    i.OS_IntQPost       os_int.o
    0x080022b4   0x0000011c   Code   RO         2956    i.OS_IntQRePost     os_int.o
    0x080023d0   0x00000088   Code   RO         2957    i.OS_IntQTask       os_int.o
    0x08002458   0x00000118   Code   RO         2958    i.OS_IntQTaskInit   os_int.o
    0x08002570   0x00000018   Code   RO         2989    i.OS_MemInit        os_mem.o
    0x08002588   0x00000068   Code   RO         3021    i.OS_MsgPoolInit    os_msg.o
    0x080025f0   0x00000034   Code   RO         3022    i.OS_MsgQFreeAll    os_msg.o
    0x08002624   0x0000000e   Code   RO         3024    i.OS_MsgQInit       os_msg.o
    0x08002632   0x00000002   PAD
    0x08002634   0x00000088   Code   RO         3025    i.OS_MsgQPut        os_msg.o
    0x080026bc   0x00000018   Code   RO         3065    i.OS_MutexInit      os_mutex.o
    0x080026d4   0x00000050   Code   RO         2630    i.OS_Pend           os_core.o
    0x08002724   0x00000030   Code   RO         2633    i.OS_PendDataInit   os_core.o
    0x08002754   0x00000048   Code   RO         2634    i.OS_PendDbgNameAdd  os_core.o
    0x0800279c   0x0000001c   Code   RO         2635    i.OS_PendDbgNameRemove  os_core.o
    0x080027b8   0x0000005a   Code   RO         2639    i.OS_PendListInsertPrio  os_core.o
    0x08002812   0x00000026   Code   RO         2640    i.OS_PendListRemove  os_core.o
    0x08002838   0x00000036   Code   RO         2641    i.OS_PendListRemove1  os_core.o
    0x0800286e   0x00000098   Code   RO         2644    i.OS_Post           os_core.o
    0x08002906   0x00000026   Code   RO         2645    i.OS_Post1          os_core.o
    0x0800292c   0x00000024   Code   RO         3147    i.OS_PrioGetHighest  os_prio.o
    0x08002950   0x0000000c   Code   RO         3148    i.OS_PrioInit       os_prio.o
    0x0800295c   0x00000020   Code   RO         3149    i.OS_PrioInsert     os_prio.o
    0x0800297c   0x00000020   Code   RO         3150    i.OS_PrioRemove     os_prio.o
    0x0800299c   0x00000018   Code   RO         3193    i.OS_QInit          os_q.o
    0x080029b4   0x00000104   Code   RO         3194    i.OS_QPost          os_q.o
    0x08002ab8   0x00000024   Code   RO         2646    i.OS_RdyListInit    os_core.o
    0x08002adc   0x00000030   Code   RO         2647    i.OS_RdyListInsert  os_core.o
    0x08002b0c   0x00000038   Code   RO         2648    i.OS_RdyListInsertHead  os_core.o
    0x08002b44   0x00000034   Code   RO         2649    i.OS_RdyListInsertTail  os_core.o
    0x08002b78   0x00000034   Code   RO         2650    i.OS_RdyListMoveHeadToTail  os_core.o
    0x08002bac   0x00000054   Code   RO         2651    i.OS_RdyListRemove  os_core.o
    0x08002c00   0x00000048   Code   RO         2652    i.OS_Sched0         os_core.o
    0x08002c48   0x0000001c   Code   RO         2653    i.OS_SchedLockTimeMeasStart  os_core.o
    0x08002c64   0x0000003c   Code   RO         2654    i.OS_SchedLockTimeMeasStop  os_core.o
    0x08002ca0   0x00000068   Code   RO         2655    i.OS_SchedRoundRobin  os_core.o
    0x08002d08   0x00000018   Code   RO         3265    i.OS_SemInit        os_sem.o
    0x08002d20   0x000000e4   Code   RO         3266    i.OS_SemPost        os_sem.o
    0x08002e04   0x000002a4   Code   RO         3330    i.OS_StatTask       os_stat.o
    0x080030a8   0x000000bc   Code   RO         3331    i.OS_StatTaskInit   os_stat.o
    0x08003164   0x0000002a   Code   RO         2656    i.OS_TaskBlock      os_core.o
    0x0800318e   0x00000002   PAD
    0x08003190   0x00000024   Code   RO         3376    i.OS_TaskDbgListAdd  os_task.o
    0x080031b4   0x00000038   Code   RO         3377    i.OS_TaskDbgListRemove  os_task.o
    0x080031ec   0x00000020   Code   RO         3378    i.OS_TaskInit       os_task.o
    0x0800320c   0x000000c8   Code   RO         3379    i.OS_TaskInitTCB    os_task.o
    0x080032d4   0x00000144   Code   RO         3380    i.OS_TaskQPost      os_task.o
    0x08003418   0x0000001c   Code   RO         2657    i.OS_TaskRdy        os_core.o
    0x08003434   0x00000100   Code   RO         3381    i.OS_TaskResume     os_task.o
    0x08003534   0x00000018   Code   RO         3382    i.OS_TaskReturn     os_task.o
    0x0800354c   0x00000188   Code   RO         3383    i.OS_TaskSemPost    os_task.o
    0x080036d4   0x000000e8   Code   RO         3384    i.OS_TaskSuspend    os_task.o
    0x080037bc   0x0000002c   Code   RO         3526    i.OS_TickListInit   os_tick.o
    0x080037e8   0x000000d8   Code   RO         3527    i.OS_TickListInsert  os_tick.o
    0x080038c0   0x00000036   Code   RO         3528    i.OS_TickListRemove  os_tick.o
    0x080038f6   0x00000002   PAD
    0x080038f8   0x00000028   Code   RO         3529    i.OS_TickListResetPeak  os_tick.o
    0x08003920   0x0000017c   Code   RO         3530    i.OS_TickListUpdate  os_tick.o
    0x08003a9c   0x00000028   Code   RO         3531    i.OS_TickTask       os_tick.o
    0x08003ac4   0x000000a8   Code   RO         3532    i.OS_TickTaskInit   os_tick.o
    0x08003b6c   0x00000104   Code   RO         3625    i.OS_TmrInit        os_tmr.o
    0x08003c70   0x00000098   Code   RO         3626    i.OS_TmrLink        os_tmr.o
    0x08003d08   0x00000028   Code   RO         3627    i.OS_TmrResetPeak   os_tmr.o
    0x08003d30   0x000000a4   Code   RO         3628    i.OS_TmrTask        os_tmr.o
    0x08003dd4   0x0000004c   Code   RO         3629    i.OS_TmrUnlink      os_tmr.o
    0x08003e20   0x00000002   Code   RO          308    i.SVC_Handler       stm32f1xx_it.o
    0x08003e22   0x0000004e   Code   RO           14    i.SystemClock_Config  main.o
    0x08003e70   0x00000002   Code   RO         1806    i.SystemInit        system_stm32f1xx.o
    0x08003e72   0x00000002   PAD
    0x08003e74   0x0000008c   Code   RO          528    i.UART_SetConfig    stm32f1xx_hal_uart.o
    0x08003f00   0x00000064   Code   RO          531    i.UART_WaitOnFlagUntilTimeout  stm32f1xx_hal_uart.o
    0x08003f64   0x00000002   Code   RO          310    i.UsageFault_Handler  stm32f1xx_it.o
    0x08003f66   0x00000002   PAD
    0x08003f68   0x00000010   Code   RO         3925    i.__0printf$bare    mc_w.l(printfb.o)
    0x08003f78   0x00000020   Code   RO         1318    i.__NVIC_SetPriority  stm32f1xx_hal_cortex.o
    0x08003f98   0x0000000e   Code   RO         4222    i.__scatterload_copy  mc_w.l(handlers.o)
    0x08003fa6   0x00000002   Code   RO         4223    i.__scatterload_null  mc_w.l(handlers.o)
    0x08003fa8   0x0000000e   Code   RO         4224    i.__scatterload_zeroinit  mc_w.l(handlers.o)
    0x08003fb6   0x00000022   Code   RO         3932    i._printf_core      mc_w.l(printfb.o)
    0x08003fd8   0x00000018   Code   RO          257    i.fputc             usart.o
    0x08003ff0   0x00000058   Code   RO           15    i.led_pa3           main.o
    0x08004048   0x0000005c   Code   RO           16    i.led_pc13          main.o
    0x080040a4   0x00000064   Code   RO           17    i.main              main.o
    0x08004108   0x00000060   Code   RO           18    i.send_msg          main.o
    0x08004168   0x00000150   Code   RO           19    i.start_task        main.o
    0x080042b8   0x00000010   Data   RO         1807    .constdata          system_stm32f1xx.o
    0x080042c8   0x00000008   Data   RO         1808    .constdata          system_stm32f1xx.o
    0x080042d0   0x00000004   Data   RO         2557    .constdata          os_cfg_app.o
    0x080042d4   0x00000004   Data   RO         2558    .constdata          os_cfg_app.o
    0x080042d8   0x00000004   Data   RO         2559    .constdata          os_cfg_app.o
    0x080042dc   0x00000004   Data   RO         2561    .constdata          os_cfg_app.o
    0x080042e0   0x00000002   Data   RO         2562    .constdata          os_cfg_app.o
    0x080042e2   0x00000002   PAD
    0x080042e4   0x00000004   Data   RO         2564    .constdata          os_cfg_app.o
    0x080042e8   0x00000004   Data   RO         2565    .constdata          os_cfg_app.o
    0x080042ec   0x00000004   Data   RO         2566    .constdata          os_cfg_app.o
    0x080042f0   0x00000004   Data   RO         2568    .constdata          os_cfg_app.o
    0x080042f4   0x00000004   Data   RO         2569    .constdata          os_cfg_app.o
    0x080042f8   0x00000002   Data   RO         2571    .constdata          os_cfg_app.o
    0x080042fa   0x00000002   PAD
    0x080042fc   0x00000004   Data   RO         2573    .constdata          os_cfg_app.o
    0x08004300   0x00000001   Data   RO         2574    .constdata          os_cfg_app.o
    0x08004301   0x00000003   PAD
    0x08004304   0x00000004   Data   RO         2575    .constdata          os_cfg_app.o
    0x08004308   0x00000004   Data   RO         2576    .constdata          os_cfg_app.o
    0x0800430c   0x00000004   Data   RO         2577    .constdata          os_cfg_app.o
    0x08004310   0x00000004   Data   RO         2578    .constdata          os_cfg_app.o
    0x08004314   0x00000004   Data   RO         2580    .constdata          os_cfg_app.o
    0x08004318   0x00000004   Data   RO         2581    .constdata          os_cfg_app.o
    0x0800431c   0x00000001   Data   RO         2582    .constdata          os_cfg_app.o
    0x0800431d   0x00000003   PAD
    0x08004320   0x00000004   Data   RO         2583    .constdata          os_cfg_app.o
    0x08004324   0x00000004   Data   RO         2584    .constdata          os_cfg_app.o
    0x08004328   0x00000004   Data   RO         2585    .constdata          os_cfg_app.o
    0x0800432c   0x00000002   Data   RO         2587    .constdata          os_cfg_app.o
    0x0800432e   0x00000001   Data   RO         2589    .constdata          os_cfg_app.o
    0x0800432f   0x00000001   PAD
    0x08004330   0x00000004   Data   RO         2590    .constdata          os_cfg_app.o
    0x08004334   0x00000004   Data   RO         2591    .constdata          os_cfg_app.o
    0x08004338   0x00000004   Data   RO         2592    .constdata          os_cfg_app.o
    0x0800433c   0x00000004   Data   RO         2593    .constdata          os_cfg_app.o
    0x08004340   0x00000002   Data   RO         2595    .constdata          os_cfg_app.o
    0x08004342   0x00000002   PAD
    0x08004344   0x00000020   Data   RO         4220    Region$$Table       anon$$obj.o


    Execution Region RW_IRAM1 (Base: 0x20000000, Size: 0x00003b48, Max: 0x00008000, ABSOLUTE)

    Base Addr    Size         Type   Attr      Idx    E Section Name        Object

    0x20000000   0x0000000c   Data   RW          855    .data               stm32f1xx_hal.o
    0x2000000c   0x00000004   Data   RW         1809    .data               system_stm32f1xx.o
    0x20000010   0x0000001c   Data   RW         1866    .data               cpu_core.o
    0x2000002c   0x00000004   Data   RW         2210    .data               lib_mem.o
    0x20000030   0x00000004   Data   RW         2479    .data               os_cpu_c.o
    0x20000034   0x00000004   Data   RW         3151    .data               os_prio.o
    0x20000038   0x00000004   Data   RW         3713    .data               os_var.o
    0x2000003c   0x00000004   Data   RW         3714    .data               os_var.o
    0x20000040   0x00000004   Data   RW         3715    .data               os_var.o
    0x20000044   0x00000004   Data   RW         3716    .data               os_var.o
    0x20000048   0x00000004   Data   RW         3717    .data               os_var.o
    0x2000004c   0x00000004   Data   RW         3718    .data               os_var.o
    0x20000050   0x00000004   Data   RW         3719    .data               os_var.o
    0x20000054   0x00000004   Data   RW         3720    .data               os_var.o
    0x20000058   0x00000001   Data   RW         3721    .data               os_var.o
    0x20000059   0x00000003   PAD
    0x2000005c   0x00000004   Data   RW         3722    .data               os_var.o
    0x20000060   0x00000001   Data   RW         3723    .data               os_var.o
    0x20000061   0x00000003   PAD
    0x20000064   0x00000004   Data   RW         3724    .data               os_var.o
    0x20000068   0x00000004   Data   RW         3725    .data               os_var.o
    0x2000006c   0x00000002   Data   RW         3726    .data               os_var.o
    0x2000006e   0x00000002   Data   RW         3727    .data               os_var.o
    0x20000070   0x00000002   Data   RW         3728    .data               os_var.o
    0x20000072   0x00000002   PAD
    0x20000074   0x00000004   Data   RW         3729    .data               os_var.o
    0x20000078   0x00000004   Data   RW         3730    .data               os_var.o
    0x2000007c   0x00000002   Data   RW         3731    .data               os_var.o
    0x2000007e   0x00000002   PAD
    0x20000080   0x00000004   Data   RW         3732    .data               os_var.o
    0x20000084   0x00000002   Data   RW         3733    .data               os_var.o
    0x20000086   0x00000002   PAD
    0x20000088   0x00000004   Data   RW         3734    .data               os_var.o
    0x2000008c   0x00000002   Data   RW         3735    .data               os_var.o
    0x2000008e   0x00000001   Data   RW         3736    .data               os_var.o
    0x2000008f   0x00000001   Data   RW         3737    .data               os_var.o
    0x20000090   0x00000001   Data   RW         3738    .data               os_var.o
    0x20000091   0x00000003   PAD
    0x20000094   0x00000004   Data   RW         3739    .data               os_var.o
    0x20000098   0x00000002   Data   RW         3740    .data               os_var.o
    0x2000009a   0x00000002   PAD
    0x2000009c   0x00000004   Data   RW         3741    .data               os_var.o
    0x200000a0   0x00000004   Data   RW         3742    .data               os_var.o
    0x200000a4   0x00000004   Data   RW         3743    .data               os_var.o
    0x200000a8   0x00000001   Data   RW         3744    .data               os_var.o
    0x200000a9   0x00000003   PAD
    0x200000ac   0x00000004   Data   RW         3745    .data               os_var.o
    0x200000b0   0x00000001   Data   RW         3746    .data               os_var.o
    0x200000b1   0x00000003   PAD
    0x200000b4   0x00000004   Data   RW         3747    .data               os_var.o
    0x200000b8   0x00000002   Data   RW         3748    .data               os_var.o
    0x200000ba   0x00000001   Data   RW         3749    .data               os_var.o
    0x200000bb   0x00000001   PAD
    0x200000bc   0x00000002   Data   RW         3750    .data               os_var.o
    0x200000be   0x00000002   Data   RW         3751    .data               os_var.o
    0x200000c0   0x00000004   Data   RW         3752    .data               os_var.o
    0x200000c4   0x00000004   Data   RW         3753    .data               os_var.o
    0x200000c8   0x00000004   Data   RW         3754    .data               os_var.o
    0x200000cc   0x00000001   Data   RW         3755    .data               os_var.o
    0x200000cd   0x00000003   PAD
    0x200000d0   0x00000004   Data   RW         3756    .data               os_var.o
    0x200000d4   0x00000004   Data   RW         3757    .data               os_var.o
    0x200000d8   0x00000004   Data   RW         3758    .data               os_var.o
    0x200000dc   0x00000002   Data   RW         3759    .data               os_var.o
    0x200000de   0x00000001   Data   RW         3760    .data               os_var.o
    0x200000df   0x00000001   PAD
    0x200000e0   0x00000004   Data   RW         3761    .data               os_var.o
    0x200000e4   0x00000004   Data   RW         3762    .data               os_var.o
    0x200000e8   0x00000004   Data   RW         3763    .data               os_var.o
    0x200000ec   0x00000004   Data   RW         3765    .data               os_var.o
    0x200000f0   0x00000004   Data   RW         3766    .data               os_var.o
    0x200000f4   0x00000004   Data   RW         3767    .data               os_var.o
    0x200000f8   0x00000004   Data   RW         3768    .data               os_var.o
    0x200000fc   0x00000004   Data   RW         3769    .data               os_var.o
    0x20000100   0x00000004   Data   RW         3770    .data               os_var.o
    0x20000104   0x00000004   Data   RW         4198    .data               mc_w.l(stdout.o)
    0x20000108   0x000007a0   Zero   RW           20    .bss                main.o
    0x200008a8   0x00000044   Zero   RW          258    .bss                usart.o
    0x200008ec   0x00000010   Zero   RW         1864    .bss                cpu_core.o
    0x200008fc   0x00001448   Zero   RW         2209    .bss                lib_mem.o
    0x20001d44   0x00000200   Zero   RW         2547    .bss                os_cfg_app.o
    0x20001f44   0x00000140   Zero   RW         2548    .bss                os_cfg_app.o
    0x20002084   0x00000200   Zero   RW         2549    .bss                os_cfg_app.o
    0x20002284   0x00000200   Zero   RW         2550    .bss                os_cfg_app.o
    0x20002484   0x00000640   Zero   RW         2551    .bss                os_cfg_app.o
    0x20002ac4   0x00000200   Zero   RW         2552    .bss                os_cfg_app.o
    0x20002cc4   0x00000200   Zero   RW         2553    .bss                os_cfg_app.o
    0x20002ec4   0x00000088   Zero   RW         2554    .bss                os_cfg_app.o
    0x20002f4c   0x00000200   Zero   RW         2555    .bss                os_cfg_app.o
    0x2000314c   0x00000088   Zero   RW         2556    .bss                os_cfg_app.o
    0x200031d4   0x000000c8   Zero   RW         3706    .bss                os_var.o
    0x2000329c   0x000000c8   Zero   RW         3707    .bss                os_var.o
    0x20003364   0x0000000c   Zero   RW         3708    .bss                os_var.o
    0x20003370   0x00000180   Zero   RW         3709    .bss                os_var.o
    0x200034f0   0x000000c8   Zero   RW         3710    .bss                os_var.o
    0x200035b8   0x000000c8   Zero   RW         3711    .bss                os_var.o
    0x20003680   0x000000c8   Zero   RW         3712    .bss                os_var.o
    0x20003748   0x00000400   Zero   RW            1    STACK               startup_stm32f103xb.o


==============================================================================

Image component sizes


      Code (inc. data)   RO Data    RW Data    ZI Data      Debug   Object Name

       102         22          0          0          0       2275   bsp.o
        52          0          0          0          0        296   cpu_a.o
       344         48          0         28         16      14896   cpu_core.o
       140         14          0          0          0        875   gpio.o
       152         14          0          4       5192      12847   lib_mem.o
       792        142          0          0       1952     437530   main.o
         2          0        103          0       5264      20686   os_cfg_app.o
      2458        420          0          0          0      16828   os_core.o
       132         32          0          0          0        340   os_cpu_a.o
       452         70          0          4          0       6957   os_cpu_c.o
         2          0          0          0          0        778   os_dbg.o
       484         28          0          0          0       2455   os_flag.o
       884        200          0          0          0       2882   os_int.o
        24         10          0          0          0        717   os_mem.o
       306         20          0          0          0       2557   os_msg.o
        24         10          0          0          0        793   os_mutex.o
       112         16          0          4          0       2342   os_prio.o
       284         18          0          0          0       1724   os_q.o
       252         14          0          0          0       1638   os_sem.o
      1292        220          0          0          0       3307   os_stat.o
      3156        250          0          0          0      10828   os_task.o
       942        128          0          0          0       4641   os_tick.o
       692         42          0          0          0       2505   os_time.o
       692        136          0          0          0       3432   os_tmr.o
         0          0          0        176       1396      19353   os_var.o
        36          8        236          0       1024        788   startup_stm32f103xb.o
       112         20          0         12          0       4635   stm32f1xx_hal.o
       172         14          0          0          0      27842   stm32f1xx_hal_cortex.o
       490         34          0          0          0       2480   stm32f1xx_hal_gpio.o
        60          8          0          0          0        818   stm32f1xx_hal_msp.o
      1284        106          0          0          0       5216   stm32f1xx_hal_rcc.o
       516          4          0          0          0       3284   stm32f1xx_hal_uart.o
        14          0          0          0          0       2839   stm32f1xx_it.o
         2          0         24          4          0       1043   system_stm32f1xx.o
       192         24          0          0         68       2038   usart.o

    ----------------------------------------------------------------------
     16672       2072        408        260      14912     624465   Object Totals
         0          0         32          0          0          0   (incl. Generated)
        22          0         13         28          0          0   (incl. Padding)

    ----------------------------------------------------------------------

      Code (inc. data)   RO Data    RW Data    ZI Data      Debug   Library Member Name

         0          0          0          0          0          0   entry.o
         0          0          0          0          0          0   entry10a.o
         0          0          0          0          0          0   entry11a.o
         8          4          0          0          0          0   entry2.o
         4          0          0          0          0          0   entry5.o
         0          0          0          0          0          0   entry7b.o
         0          0          0          0          0          0   entry8b.o
         8          4          0          0          0          0   entry9a.o
        30          0          0          0          0          0   handlers.o
        36          8          0          0          0         68   init.o
        36          0          0          0          0        108   memseta.o
        50          8          0          0          0        152   printfb.o
         0          0          0          4          0          0   stdout.o

    ----------------------------------------------------------------------
       172         24          0          4          0        328   Library Totals
         0          0          0          0          0          0   (incl. Padding)

    ----------------------------------------------------------------------

      Code (inc. data)   RO Data    RW Data    ZI Data      Debug   Library Name

       172         24          0          4          0        328   mc_w.l

    ----------------------------------------------------------------------
       172         24          0          4          0        328   Library Totals

    ----------------------------------------------------------------------

==============================================================================


      Code (inc. data)   RO Data    RW Data    ZI Data      Debug   

     16844       2096        408        264      14912     617145   Grand Totals
     16844       2096        408        264      14912     617145   ELF Image Totals
     16844       2096        408        264          0          0   ROM Totals

==============================================================================

    Total RO  Size (Code + RO Data)                17252 (  16.85kB)
    Total RW  Size (RW Data + ZI Data)             15176 (  14.82kB)
    Total ROM Size (Code + RO Data + RW Data)      17516 (  17.11kB)

==============================================================================

