<html>
<body>
<pre>
<h1>µVision Build Log</h1>
<h2>Project:</h2>
D:\STM32CubeMX_code\uCOSII\MDK-ARM\uCOSII.uvprojx
Project File Date:  12/01/2021

<h2>Output:</h2>
Build target 'uCOSII'
compiling main.c...
linking...
Program Size: Code=16844 RO-data=408 RW-data=264 ZI-data=14912  
FromELF: creating hex file...
"uCOSII\uCOSII.axf" - 0 Error(s), 0 Warning(s).

<h2>Software Packages used:</h2>

Package Vendor: ARM
                http://www.keil.com/pack/ARM.CMSIS.3.20.4.pack
                ARM::CMSIS:CORE:3.20.0
                Cortex Microcontroller Software Interface Standard (CMSIS) CORE, DSP, RTOS, Driver
   * Component: CORE Version: 3.20.0

<h2>Collection of Component include folders:</h2>
  D:\STM32CubeMX_code\uCOSII\MDK-ARM\RTE
  D:\MDK5\ARM\PACK\ARM\CMSIS\3.20.4\CMSIS\Include
  D:\MDK5\ARM\PACK\Keil\STM32F1xx_DFP\1.0.4\Device\Include

<h2>Collection of Component Files used:</h2>

   * Component: ARM::CMSIS:CORE:3.20.0
</pre>
</body>
</html>
 "OS_TCB" is undefined
  OS_TCB Led1TaskTCB;
../Core/Src/main.c(61): error:  #20: identifier "RCC_OscInitTypeDef" is undefined
    RCC_OscInitTypeDef RCC_OscInitStruct = {0};
../Core/Src/main.c(62): error:  #20: identifier "RCC_ClkInitTypeDef" is undefined
    RCC_ClkInitTypeDef RCC_ClkInitStruct = {0};
../Core/Src/main.c(66): error:  #20: identifier "RCC_OSCILLATORTYPE_HSE" is undefined
    RCC_OscInitStruct.OscillatorType = RCC_OSCILLATORTYPE_HSE;
../Core/Src/main.c(67): error:  #20: identifier "RCC_HSE_ON" is undefined
    RCC_OscInitStruct.HSEState = RCC_HSE_ON;
../Core/Src/main.c(68): error:  #20: identifier "RCC_HSE_PREDIV_DIV1" is undefined
    RCC_OscInitStruct.HSEPredivValue = RCC_HSE_PREDIV_DIV1;
../Core/Src/main.c(69): error:  #20: identifier "RCC_HSI_ON" is undefined
    RCC_OscInitStruct.HSIState = RCC_HSI_ON;
../Core/Src/main.c(70): error:  #20: identifier "RCC_PLL_ON" is undefined
    RCC_OscInitStruct.PLL.PLLState = RCC_PLL_ON;
../Core/Src/main.c(71): error:  #20: identifier "RCC_PLLSOURCE_HSE" is undefined
    RCC_OscInitStruct.PLL.PLLSource = RCC_PLLSOURCE_HSE;
../Core/Src/main.c(72): error:  #20: identifier "RCC_PLL_MUL9" is undefined
    RCC_OscInitStruct.PLL.PLLMUL = RCC_PLL_MUL9;
../Core/Src/main.c(73): warning:  #223-D: function "HAL_RCC_OscConfig" declared implicitly
    if (HAL_RCC_OscConfig(&RCC_OscInitStruct) != HAL_OK)
../Core/Src/main.c(73): error:  #20: identifier "HAL_OK" is undefined
    if (HAL_RCC_OscConfig(&RCC_OscInitStruct) != HAL_OK)
../Core/Src/main.c(75): warning:  #223-D: function "Error_Handler" declared implicitly
      Error_Handler();
../Core/Src/main.c(79): error:  #20: identifier "RCC_CLOCKTYPE_HCLK" is undefined
    RCC_ClkInitStruct.ClockType = RCC_CLOCKTYPE_HCLK|RCC_CLOCKTYPE_SYSCLK
../Core/Src/main.c(79): error:  #20: identifier "RCC_CLOCKTYPE_SYSCLK" is undefined
    RCC_ClkInitStruct.ClockType = RCC_CLOCKTYPE_HCLK|RCC_CLOCKTYPE_SYSCLK
../Core/Src/main.c(80): error:  #20: identifier "RCC_CLOCKTYPE_PCLK1" is undefined
                                |RCC_CLOCKTYPE_PCLK1|RCC_CLOCKTYPE_PCLK2;
../Core/Src/main.c(80): error:  #20: identifier "RCC_CLOCKTYPE_PCLK2" is undefined
                                |RCC_CLOCKTYPE_PCLK1|RCC_CLOCKTYPE_PCLK2;
../Core/Src/main.c(81): error:  #20: identifier "RCC_SYSCLKSOURCE_PLLCLK" is undefined
    RCC_ClkInitStruct.SYSCLKSource = RCC_SYSCLKSOURCE_PLLCLK;
../Core/Src/main.c(82): error:  #20: identifier "RCC_SYSCLK_DIV1" is undefined
    RCC_ClkInitStruct.AHBCLKDivider = RCC_SYSCLK_DIV1;
../Core/Src/main.c(83): error:  #20: identifier "RCC_HCLK_DIV2" is undefined
    RCC_ClkInitStruct.APB1CLKDivider = RCC_HCLK_DIV2;
../Core/Src/main.c(84): error:  #20: identifier "RCC_HCLK_DIV1" is undefined
    RCC_ClkInitStruct.APB2CLKDivider = RCC_HCLK_DIV1;
../Core/Src/main.c(86): warning:  #223-D: function "HAL_RCC_ClockConfig" declared implicitly
    if (HAL_RCC_ClockConfig(&RCC_ClkInitStruct, FLASH_LATENCY_2) != HAL_OK)
../Core/Src/main.c(86): error:  #20: identifier "FLASH_LATENCY_2" is undefined
    if (HAL_RCC_ClockConfig(&RCC_ClkInitStruct, FLASH_LATENCY_2) != HAL_OK)
../Core/Src/main.c(86): error:  #20: identifier "HAL_OK" is undefined
    if (HAL_RCC_ClockConfig(&RCC_ClkInitStruct, FLASH_LATENCY_2) != HAL_OK)
../Core/Src/main.c(88): warning:  #223-D: function "Error_Handler" declared implicitly
      Error_Handler();
../Core/Src/main.c(100): error:  #20: identifier "OS_ERR" is undefined
        OS_ERR  err;
../Core/Src/main.c(101): warning:  #223-D: function "OSInit" declared implicitly
        OSInit(&err);
../Core/Src/main.c(102): warning:  #223-D: function "HAL_Init" declared implicitly
    HAL_Init();
../Core/Src/main.c(105): warning:  #223-D: function "MX_USART1_UART_Init" declared implicitly
    MX_USART1_UART_Init();      
../Core/Src/main.c(107): warning:  #223-D: function "OSTaskCreate" declared implicitly
        OSTaskCreate((OS_TCB     *)&StartTaskTCB,                /* Create the start task                                */
../Core/Src/main.c(107): error:  #20: identifier "OS_TCB" is undefined
        OSTaskCreate((OS_TCB     *)&StartTaskTCB,                /* Create the start task                                */
../Core/Src/main.c: 8 warnings, 30 errors
compiling gpio.c...
"uCOSII\uCOSII.axf" - 30 Error(s), 8 Warning(s).

<h2>Software Packages used:</h2>

Package Vendor: ARM
                http://www.keil.com/pack/ARM.CMSIS.3.20.4.pack
                ARM::CMSIS:CORE:3.20.0
                Cortex Microcontroller Software Interface Standard (CMSIS) CORE, DSP, RTOS, Driver
   * Component: CORE Version: 3.20.0

<h2>Collection of Component include folders:</h2>
  D:\STM32CubeMX_code\uCOSII\MDK-ARM\RTE
  D:\MDK5\ARM\PACK\ARM\CMSIS\3.20.4\CMSIS\Include
  D:\MDK5\ARM\PACK\Keil\STM32F1xx_DFP\1.0.4\Device\Include

<h2>Collection of Component Files used:</h2>

   * Component: ARM::CMSIS:CORE:3.20.0
Target not created
